
> garments-buying-house@1.0.0 build
> next build

  Γû▓ Next.js 14.2.16
  - Environments: .env

   Creating an optimized production build ...
 Γ£ô Compiled successfully
   Linting and checking validity of types ...
   Collecting page data ...
   Generating static pages (0/53) ...
   Generating static pages (13/53) 
npm : TypeError: Cannot 
destructure property 'data' 
of '(0 , d.useSession)(...)' 
as it is undefined.
At line:1 char:1
+ npm run build > 
build_output.log 2>&1
+ ~~~~~~~~~~~~~~~~~~~~~~~~~~~
~~~~~~~~~~
    + CategoryInfo           
   : NotSpecified: (TypeErr  
  or: Cann...t is undefine   
 d.:String) [], RemoteExc    
eption
    + FullyQualifiedErrorId  
   : NativeCommandError
 
    at q (C:\Users\DELL\OneDr
ive\Desktop\aelbd\garments-bu
ying-house\.next\server\chunk
s\1249.js:2:8572)
    at nj (C:\Users\DELL\OneD
rive\Desktop\aelbd\garments-b
uying-house\node_modules\next
\dist\compiled\next-server\ap
p-page.runtime.prod.js:12:462
51)
    at nM (C:\Users\DELL\OneD
rive\Desktop\aelbd\garments-b
uying-house\node_modules\next
\dist\compiled\next-server\ap
p-page.runtime.prod.js:12:475
71)
    at nM (C:\Users\DELL\OneD
rive\Desktop\aelbd\garments-b
uying-house\node_modules\next
\dist\compiled\next-server\ap
p-page.runtime.prod.js:12:615
46)
    at nN (C:\Users\DELL\OneD
rive\Desktop\aelbd\garments-b
uying-house\node_modules\next
\dist\compiled\next-server\ap
p-page.runtime.prod.js:12:645
46)
    at nB (C:\Users\DELL\OneD
rive\Desktop\aelbd\garments-b
uying-house\node_modules\next
\dist\compiled\next-server\ap
p-page.runtime.prod.js:12:675
38)
    at nD (C:\Users\DELL\OneD
rive\Desktop\aelbd\garments-b
uying-house\node_modules\next
\dist\compiled\next-server\ap
p-page.runtime.prod.js:12:666
80)
    at nN (C:\Users\DELL\OneD
rive\Desktop\aelbd\garments-b
uying-house\node_modules\next
\dist\compiled\next-server\ap
p-page.runtime.prod.js:12:648
53)
    at nB (C:\Users\DELL\OneD
rive\Desktop\aelbd\garments-b
uying-house\node_modules\next
\dist\compiled\next-server\ap
p-page.runtime.prod.js:12:675
38)
    at nD (C:\Users\DELL\OneD
rive\Desktop\aelbd\garments-b
uying-house\node_modules\next
\dist\compiled\next-server\ap
p-page.runtime.prod.js:12:666
80) {
  digest: '2581485839'
}

Error occurred prerendering 
page "/admin/blog". Read 
more: https://nextjs.org/docs
/messages/prerender-error

TypeError: Cannot 
destructure property 'data' 
of '(0 , d.useSession)(...)' 
as it is undefined.
    at q (C:\Users\DELL\OneDr
ive\Desktop\aelbd\garments-bu
ying-house\.next\server\chunk
s\1249.js:2:8572)
    at nj (C:\Users\DELL\OneD
rive\Desktop\aelbd\garments-b
uying-house\node_modules\next
\dist\compiled\next-server\ap
p-page.runtime.prod.js:12:462
51)
    at nM (C:\Users\DELL\OneD
rive\Desktop\aelbd\garments-b
uying-house\node_modules\next
\dist\compiled\next-server\ap
p-page.runtime.prod.js:12:475
71)
    at nM (C:\Users\DELL\OneD
rive\Desktop\aelbd\garments-b
uying-house\node_modules\next
\dist\compiled\next-server\ap
p-page.runtime.prod.js:12:615
46)
    at nN (C:\Users\DELL\OneD
rive\Desktop\aelbd\garments-b
uying-house\node_modules\next
\dist\compiled\next-server\ap
p-page.runtime.prod.js:12:645
46)
    at nB (C:\Users\DELL\OneD
rive\Desktop\aelbd\garments-b
uying-house\node_modules\next
\dist\compiled\next-server\ap
p-page.runtime.prod.js:12:675
38)
    at nD (C:\Users\DELL\OneD
rive\Desktop\aelbd\garments-b
uying-house\node_modules\next
\dist\compiled\next-server\ap
p-page.runtime.prod.js:12:666
80)
    at nN (C:\Users\DELL\OneD
rive\Desktop\aelbd\garments-b
uying-house\node_modules\next
\dist\compiled\next-server\ap
p-page.runtime.prod.js:12:648
53)
    at nB (C:\Users\DELL\OneD
rive\Desktop\aelbd\garments-b
uying-house\node_modules\next
\dist\compiled\next-server\ap
p-page.runtime.prod.js:12:675
38)
    at nD (C:\Users\DELL\OneD
rive\Desktop\aelbd\garments-b
uying-house\node_modules\next
\dist\compiled\next-server\ap
p-page.runtime.prod.js:12:666
80)
TypeError: Cannot 
destructure property 'data' 
of '(0 , d.useSession)(...)' 
as it is undefined.
    at q (C:\Users\DELL\OneDr
ive\Desktop\aelbd\garments-bu
ying-house\.next\server\chunk
s\1249.js:2:8572)
    at nj (C:\Users\DELL\OneD
rive\Desktop\aelbd\garments-b
uying-house\node_modules\next
\dist\compiled\next-server\ap
p-page.runtime.prod.js:12:462
51)
    at nM (C:\Users\DELL\OneD
rive\Desktop\aelbd\garments-b
uying-house\node_modules\next
\dist\compiled\next-server\ap
p-page.runtime.prod.js:12:475
71)
    at nM (C:\Users\DELL\OneD
rive\Desktop\aelbd\garments-b
uying-house\node_modules\next
\dist\compiled\next-server\ap
p-page.runtime.prod.js:12:615
46)
    at nN (C:\Users\DELL\OneD
rive\Desktop\aelbd\garments-b
uying-house\node_modules\next
\dist\compiled\next-server\ap
p-page.runtime.prod.js:12:645
46)
    at nB (C:\Users\DELL\OneD
rive\Desktop\aelbd\garments-b
uying-house\node_modules\next
\dist\compiled\next-server\ap
p-page.runtime.prod.js:12:675
38)
    at nD (C:\Users\DELL\OneD
rive\Desktop\aelbd\garments-b
uying-house\node_modules\next
\dist\compiled\next-server\ap
p-page.runtime.prod.js:12:666
80)
    at nN (C:\Users\DELL\OneD
rive\Desktop\aelbd\garments-b
uying-house\node_modules\next
\dist\compiled\next-server\ap
p-page.runtime.prod.js:12:648
53)
    at nB (C:\Users\DELL\OneD
rive\Desktop\aelbd\garments-b
uying-house\node_modules\next
\dist\compiled\next-server\ap
p-page.runtime.prod.js:12:675
38)
    at nD (C:\Users\DELL\OneD
rive\Desktop\aelbd\garments-b
uying-house\node_modules\next
\dist\compiled\next-server\ap
p-page.runtime.prod.js:12:666
80) {
  digest: '2581485839'
}

Error occurred prerendering 
page "/admin/activity-log". 
Read more: https://nextjs.org
/docs/messages/prerender-erro
r

TypeError: Cannot 
destructure property 'data' 
of '(0 , d.useSession)(...)' 
as it is undefined.
    at q (C:\Users\DELL\OneDr
ive\Desktop\aelbd\garments-bu
ying-house\.next\server\chunk
s\1249.js:2:8572)
    at nj (C:\Users\DELL\OneD
rive\Desktop\aelbd\garments-b
uying-house\node_modules\next
\dist\compiled\next-server\ap
p-page.runtime.prod.js:12:462
51)
    at nM (C:\Users\DELL\OneD
rive\Desktop\aelbd\garments-b
uying-house\node_modules\next
\dist\compiled\next-server\ap
p-page.runtime.prod.js:12:475
71)
    at nM (C:\Users\DELL\OneD
rive\Desktop\aelbd\garments-b
uying-house\node_modules\next
\dist\compiled\next-server\ap
p-page.runtime.prod.js:12:615
46)
    at nN (C:\Users\DELL\OneD
rive\Desktop\aelbd\garments-b
uying-house\node_modules\next
\dist\compiled\next-server\ap
p-page.runtime.prod.js:12:645
46)
    at nB (C:\Users\DELL\OneD
rive\Desktop\aelbd\garments-b
uying-house\node_modules\next
\dist\compiled\next-server\ap
p-page.runtime.prod.js:12:675
38)
    at nD (C:\Users\DELL\OneD
rive\Desktop\aelbd\garments-b
uying-house\node_modules\next
\dist\compiled\next-server\ap
p-page.runtime.prod.js:12:666
80)
    at nN (C:\Users\DELL\OneD
rive\Desktop\aelbd\garments-b
uying-house\node_modules\next
\dist\compiled\next-server\ap
p-page.runtime.prod.js:12:648
53)
    at nB (C:\Users\DELL\OneD
rive\Desktop\aelbd\garments-b
uying-house\node_modules\next
\dist\compiled\next-server\ap
p-page.runtime.prod.js:12:675
38)
    at nD (C:\Users\DELL\OneD
rive\Desktop\aelbd\garments-b
uying-house\node_modules\next
\dist\compiled\next-server\ap
p-page.runtime.prod.js:12:666
80)
TypeError: Cannot 
destructure property 'data' 
of '(0 , d.useSession)(...)' 
as it is undefined.
    at q (C:\Users\DELL\OneDr
ive\Desktop\aelbd\garments-bu
ying-house\.next\server\chunk
s\1249.js:2:8572)
    at nj (C:\Users\DELL\OneD
rive\Desktop\aelbd\garments-b
uying-house\node_modules\next
\dist\compiled\next-server\ap
p-page.runtime.prod.js:12:462
51)
    at nM (C:\Users\DELL\OneD
rive\Desktop\aelbd\garments-b
uying-house\node_modules\next
\dist\compiled\next-server\ap
p-page.runtime.prod.js:12:475
71)
    at nM (C:\Users\DELL\OneD
rive\Desktop\aelbd\garments-b
uying-house\node_modules\next
\dist\compiled\next-server\ap
p-page.runtime.prod.js:12:615
46)
    at nN (C:\Users\DELL\OneD
rive\Desktop\aelbd\garments-b
uying-house\node_modules\next
\dist\compiled\next-server\ap
p-page.runtime.prod.js:12:645
46)
    at nB (C:\Users\DELL\OneD
rive\Desktop\aelbd\garments-b
uying-house\node_modules\next
\dist\compiled\next-server\ap
p-page.runtime.prod.js:12:675
38)
    at nD (C:\Users\DELL\OneD
rive\Desktop\aelbd\garments-b
uying-house\node_modules\next
\dist\compiled\next-server\ap
p-page.runtime.prod.js:12:666
80)
    at nN (C:\Users\DELL\OneD
rive\Desktop\aelbd\garments-b
uying-house\node_modules\next
\dist\compiled\next-server\ap
p-page.runtime.prod.js:12:648
53)
    at nB (C:\Users\DELL\OneD
rive\Desktop\aelbd\garments-b
uying-house\node_modules\next
\dist\compiled\next-server\ap
p-page.runtime.prod.js:12:675
38)
    at nD (C:\Users\DELL\OneD
rive\Desktop\aelbd\garments-b
uying-house\node_modules\next
\dist\compiled\next-server\ap
p-page.runtime.prod.js:12:666
80) {
  digest: '2581485839'
}

Error occurred prerendering 
page "/admin/email". Read 
more: https://nextjs.org/docs
/messages/prerender-error

TypeError: Cannot 
destructure property 'data' 
of '(0 , d.useSession)(...)' 
as it is undefined.
    at q (C:\Users\DELL\OneDr
ive\Desktop\aelbd\garments-bu
ying-house\.next\server\chunk
s\1249.js:2:8572)
    at nj (C:\Users\DELL\OneD
rive\Desktop\aelbd\garments-b
uying-house\node_modules\next
\dist\compiled\next-server\ap
p-page.runtime.prod.js:12:462
51)
    at nM (C:\Users\DELL\OneD
rive\Desktop\aelbd\garments-b
uying-house\node_modules\next
\dist\compiled\next-server\ap
p-page.runtime.prod.js:12:475
71)
    at nM (C:\Users\DELL\OneD
rive\Desktop\aelbd\garments-b
uying-house\node_modules\next
\dist\compiled\next-server\ap
p-page.runtime.prod.js:12:615
46)
    at nN (C:\Users\DELL\OneD
rive\Desktop\aelbd\garments-b
uying-house\node_modules\next
\dist\compiled\next-server\ap
p-page.runtime.prod.js:12:645
46)
    at nB (C:\Users\DELL\OneD
rive\Desktop\aelbd\garments-b
uying-house\node_modules\next
\dist\compiled\next-server\ap
p-page.runtime.prod.js:12:675
38)
    at nD (C:\Users\DELL\OneD
rive\Desktop\aelbd\garments-b
uying-house\node_modules\next
\dist\compiled\next-server\ap
p-page.runtime.prod.js:12:666
80)
    at nN (C:\Users\DELL\OneD
rive\Desktop\aelbd\garments-b
uying-house\node_modules\next
\dist\compiled\next-server\ap
p-page.runtime.prod.js:12:648
53)
    at nB (C:\Users\DELL\OneD
rive\Desktop\aelbd\garments-b
uying-house\node_modules\next
\dist\compiled\next-server\ap
p-page.runtime.prod.js:12:675
38)
    at nD (C:\Users\DELL\OneD
rive\Desktop\aelbd\garments-b
uying-house\node_modules\next
\dist\compiled\next-server\ap
p-page.runtime.prod.js:12:666
80)
TypeError: Cannot 
destructure property 'data' 
of '(0 , d.useSession)(...)' 
as it is undefined.
    at q (C:\Users\DELL\OneDr
ive\Desktop\aelbd\garments-bu
ying-house\.next\server\chunk
s\1249.js:2:8572)
    at nj (C:\Users\DELL\OneD
rive\Desktop\aelbd\garments-b
uying-house\node_modules\next
\dist\compiled\next-server\ap
p-page.runtime.prod.js:12:462
51)
    at nM (C:\Users\DELL\OneD
rive\Desktop\aelbd\garments-b
uying-house\node_modules\next
\dist\compiled\next-server\ap
p-page.runtime.prod.js:12:475
71)
    at nM (C:\Users\DELL\OneD
rive\Desktop\aelbd\garments-b
uying-house\node_modules\next
\dist\compiled\next-server\ap
p-page.runtime.prod.js:12:615
46)
    at nN (C:\Users\DELL\OneD
rive\Desktop\aelbd\garments-b
uying-house\node_modules\next
\dist\compiled\next-server\ap
p-page.runtime.prod.js:12:645
46)
    at nB (C:\Users\DELL\OneD
rive\Desktop\aelbd\garments-b
uying-house\node_modules\next
\dist\compiled\next-server\ap
p-page.runtime.prod.js:12:675
38)
    at nD (C:\Users\DELL\OneD
rive\Desktop\aelbd\garments-b
uying-house\node_modules\next
\dist\compiled\next-server\ap
p-page.runtime.prod.js:12:666
80)
    at nN (C:\Users\DELL\OneD
rive\Desktop\aelbd\garments-b
uying-house\node_modules\next
\dist\compiled\next-server\ap
p-page.runtime.prod.js:12:648
53)
    at nB (C:\Users\DELL\OneD
rive\Desktop\aelbd\garments-b
uying-house\node_modules\next
\dist\compiled\next-server\ap
p-page.runtime.prod.js:12:675
38)
    at nD (C:\Users\DELL\OneD
rive\Desktop\aelbd\garments-b
uying-house\node_modules\next
\dist\compiled\next-server\ap
p-page.runtime.prod.js:12:666
80) {
  digest: '2581485839'
}

Error occurred prerendering 
page "/admin/forms". Read 
more: https://nextjs.org/docs
/messages/prerender-error

TypeError: Cannot 
destructure property 'data' 
of '(0 , d.useSession)(...)' 
as it is undefined.
    at q (C:\Users\DELL\OneDr
ive\Desktop\aelbd\garments-bu
ying-house\.next\server\chunk
s\1249.js:2:8572)
    at nj (C:\Users\DELL\OneD
rive\Desktop\aelbd\garments-b
uying-house\node_modules\next
\dist\compiled\next-server\ap
p-page.runtime.prod.js:12:462
51)
    at nM (C:\Users\DELL\OneD
rive\Desktop\aelbd\garments-b
uying-house\node_modules\next
\dist\compiled\next-server\ap
p-page.runtime.prod.js:12:475
71)
    at nM (C:\Users\DELL\OneD
rive\Desktop\aelbd\garments-b
uying-house\node_modules\next
\dist\compiled\next-server\ap
p-page.runtime.prod.js:12:615
46)
    at nN (C:\Users\DELL\OneD
rive\Desktop\aelbd\garments-b
uying-house\node_modules\next
\dist\compiled\next-server\ap
p-page.runtime.prod.js:12:645
46)
    at nB (C:\Users\DELL\OneD
rive\Desktop\aelbd\garments-b
uying-house\node_modules\next
\dist\compiled\next-server\ap
p-page.runtime.prod.js:12:675
38)
    at nD (C:\Users\DELL\OneD
rive\Desktop\aelbd\garments-b
uying-house\node_modules\next
\dist\compiled\next-server\ap
p-page.runtime.prod.js:12:666
80)
    at nN (C:\Users\DELL\OneD
rive\Desktop\aelbd\garments-b
uying-house\node_modules\next
\dist\compiled\next-server\ap
p-page.runtime.prod.js:12:648
53)
    at nB (C:\Users\DELL\OneD
rive\Desktop\aelbd\garments-b
uying-house\node_modules\next
\dist\compiled\next-server\ap
p-page.runtime.prod.js:12:675
38)
    at nD (C:\Users\DELL\OneD
rive\Desktop\aelbd\garments-b
uying-house\node_modules\next
\dist\compiled\next-server\ap
p-page.runtime.prod.js:12:666
80)
TypeError: Cannot 
destructure property 'data' 
of '(0 , d.useSession)(...)' 
as it is undefined.
    at q (C:\Users\DELL\OneDr
ive\Desktop\aelbd\garments-bu
ying-house\.next\server\chunk
s\1249.js:2:8572)
    at nj (C:\Users\DELL\OneD
rive\Desktop\aelbd\garments-b
uying-house\node_modules\next
\dist\compiled\next-server\ap
p-page.runtime.prod.js:12:462
51)
    at nM (C:\Users\DELL\OneD
rive\Desktop\aelbd\garments-b
uying-house\node_modules\next
\dist\compiled\next-server\ap
p-page.runtime.prod.js:12:475
71)
    at nM (C:\Users\DELL\OneD
rive\Desktop\aelbd\garments-b
uying-house\node_modules\next
\dist\compiled\next-server\ap
p-page.runtime.prod.js:12:615
46)
    at nN (C:\Users\DELL\OneD
rive\Desktop\aelbd\garments-b
uying-house\node_modules\next
\dist\compiled\next-server\ap
p-page.runtime.prod.js:12:645
46)
    at nB (C:\Users\DELL\OneD
rive\Desktop\aelbd\garments-b
uying-house\node_modules\next
\dist\compiled\next-server\ap
p-page.runtime.prod.js:12:675
38)
    at nD (C:\Users\DELL\OneD
rive\Desktop\aelbd\garments-b
uying-house\node_modules\next
\dist\compiled\next-server\ap
p-page.runtime.prod.js:12:666
80)
    at nN (C:\Users\DELL\OneD
rive\Desktop\aelbd\garments-b
uying-house\node_modules\next
\dist\compiled\next-server\ap
p-page.runtime.prod.js:12:648
53)
    at nB (C:\Users\DELL\OneD
rive\Desktop\aelbd\garments-b
uying-house\node_modules\next
\dist\compiled\next-server\ap
p-page.runtime.prod.js:12:675
38)
    at nD (C:\Users\DELL\OneD
rive\Desktop\aelbd\garments-b
uying-house\node_modules\next
\dist\compiled\next-server\ap
p-page.runtime.prod.js:12:666
80) {
  digest: '2581485839'
}

Error occurred prerendering 
page "/admin/maintenance". 
Read more: https://nextjs.org
/docs/messages/prerender-erro
r

TypeError: Cannot 
destructure property 'data' 
of '(0 , d.useSession)(...)' 
as it is undefined.
    at q (C:\Users\DELL\OneDr
ive\Desktop\aelbd\garments-bu
ying-house\.next\server\chunk
s\1249.js:2:8572)
    at nj (C:\Users\DELL\OneD
rive\Desktop\aelbd\garments-b
uying-house\node_modules\next
\dist\compiled\next-server\ap
p-page.runtime.prod.js:12:462
51)
    at nM (C:\Users\DELL\OneD
rive\Desktop\aelbd\garments-b
uying-house\node_modules\next
\dist\compiled\next-server\ap
p-page.runtime.prod.js:12:475
71)
    at nM (C:\Users\DELL\OneD
rive\Desktop\aelbd\garments-b
uying-house\node_modules\next
\dist\compiled\next-server\ap
p-page.runtime.prod.js:12:615
46)
    at nN (C:\Users\DELL\OneD
rive\Desktop\aelbd\garments-b
uying-house\node_modules\next
\dist\compiled\next-server\ap
p-page.runtime.prod.js:12:645
46)
    at nB (C:\Users\DELL\OneD
rive\Desktop\aelbd\garments-b
uying-house\node_modules\next
\dist\compiled\next-server\ap
p-page.runtime.prod.js:12:675
38)
    at nD (C:\Users\DELL\OneD
rive\Desktop\aelbd\garments-b
uying-house\node_modules\next
\dist\compiled\next-server\ap
p-page.runtime.prod.js:12:666
80)
    at nN (C:\Users\DELL\OneD
rive\Desktop\aelbd\garments-b
uying-house\node_modules\next
\dist\compiled\next-server\ap
p-page.runtime.prod.js:12:648
53)
    at nB (C:\Users\DELL\OneD
rive\Desktop\aelbd\garments-b
uying-house\node_modules\next
\dist\compiled\next-server\ap
p-page.runtime.prod.js:12:675
38)
    at nD (C:\Users\DELL\OneD
rive\Desktop\aelbd\garments-b
uying-house\node_modules\next
\dist\compiled\next-server\ap
p-page.runtime.prod.js:12:666
80)
TypeError: Cannot 
destructure property 'data' 
of '(0 , d.useSession)(...)' 
as it is undefined.
    at q (C:\Users\DELL\OneDr
ive\Desktop\aelbd\garments-bu
ying-house\.next\server\chunk
s\1249.js:2:8572)
    at nj (C:\Users\DELL\OneD
rive\Desktop\aelbd\garments-b
uying-house\node_modules\next
\dist\compiled\next-server\ap
p-page.runtime.prod.js:12:462
51)
    at nM (C:\Users\DELL\OneD
rive\Desktop\aelbd\garments-b
uying-house\node_modules\next
\dist\compiled\next-server\ap
p-page.runtime.prod.js:12:475
71)
    at nM (C:\Users\DELL\OneD
rive\Desktop\aelbd\garments-b
uying-house\node_modules\next
\dist\compiled\next-server\ap
p-page.runtime.prod.js:12:615
46)
    at nN (C:\Users\DELL\OneD
rive\Desktop\aelbd\garments-b
uying-house\node_modules\next
\dist\compiled\next-server\ap
p-page.runtime.prod.js:12:645
46)
    at nB (C:\Users\DELL\OneD
rive\Desktop\aelbd\garments-b
uying-house\node_modules\next
\dist\compiled\next-server\ap
p-page.runtime.prod.js:12:675
38)
    at nD (C:\Users\DELL\OneD
rive\Desktop\aelbd\garments-b
uying-house\node_modules\next
\dist\compiled\next-server\ap
p-page.runtime.prod.js:12:666
80)
    at nN (C:\Users\DELL\OneD
rive\Desktop\aelbd\garments-b
uying-house\node_modules\next
\dist\compiled\next-server\ap
p-page.runtime.prod.js:12:648
53)
    at nB (C:\Users\DELL\OneD
rive\Desktop\aelbd\garments-b
uying-house\node_modules\next
\dist\compiled\next-server\ap
p-page.runtime.prod.js:12:675
38)
    at nD (C:\Users\DELL\OneD
rive\Desktop\aelbd\garments-b
uying-house\node_modules\next
\dist\compiled\next-server\ap
p-page.runtime.prod.js:12:666
80) {
  digest: '2581485839'
}

Error occurred prerendering 
page "/admin/categories". 
Read more: https://nextjs.org
/docs/messages/prerender-erro
r

TypeError: Cannot 
destructure property 'data' 
of '(0 , d.useSession)(...)' 
as it is undefined.
    at q (C:\Users\DELL\OneDr
ive\Desktop\aelbd\garments-bu
ying-house\.next\server\chunk
s\1249.js:2:8572)
    at nj (C:\Users\DELL\OneD
rive\Desktop\aelbd\garments-b
uying-house\node_modules\next
\dist\compiled\next-server\ap
p-page.runtime.prod.js:12:462
51)
    at nM (C:\Users\DELL\OneD
rive\Desktop\aelbd\garments-b
uying-house\node_modules\next
\dist\compiled\next-server\ap
p-page.runtime.prod.js:12:475
71)
    at nM (C:\Users\DELL\OneD
rive\Desktop\aelbd\garments-b
uying-house\node_modules\next
\dist\compiled\next-server\ap
p-page.runtime.prod.js:12:615
46)
    at nN (C:\Users\DELL\OneD
rive\Desktop\aelbd\garments-b
uying-house\node_modules\next
\dist\compiled\next-server\ap
p-page.runtime.prod.js:12:645
46)
    at nB (C:\Users\DELL\OneD
rive\Desktop\aelbd\garments-b
uying-house\node_modules\next
\dist\compiled\next-server\ap
p-page.runtime.prod.js:12:675
38)
    at nD (C:\Users\DELL\OneD
rive\Desktop\aelbd\garments-b
uying-house\node_modules\next
\dist\compiled\next-server\ap
p-page.runtime.prod.js:12:666
80)
    at nN (C:\Users\DELL\OneD
rive\Desktop\aelbd\garments-b
uying-house\node_modules\next
\dist\compiled\next-server\ap
p-page.runtime.prod.js:12:648
53)
    at nB (C:\Users\DELL\OneD
rive\Desktop\aelbd\garments-b
uying-house\node_modules\next
\dist\compiled\next-server\ap
p-page.runtime.prod.js:12:675
38)
    at nD (C:\Users\DELL\OneD
rive\Desktop\aelbd\garments-b
uying-house\node_modules\next
\dist\compiled\next-server\ap
p-page.runtime.prod.js:12:666
80)
TypeError: Cannot 
destructure property 'data' 
of '(0 , d.useSession)(...)' 
as it is undefined.
    at q (C:\Users\DELL\OneDr
ive\Desktop\aelbd\garments-bu
ying-house\.next\server\chunk
s\1249.js:2:8572)
    at nj (C:\Users\DELL\OneD
rive\Desktop\aelbd\garments-b
uying-house\node_modules\next
\dist\compiled\next-server\ap
p-page.runtime.prod.js:12:462
51)
    at nM (C:\Users\DELL\OneD
rive\Desktop\aelbd\garments-b
uying-house\node_modules\next
\dist\compiled\next-server\ap
p-page.runtime.prod.js:12:475
71)
    at nM (C:\Users\DELL\OneD
rive\Desktop\aelbd\garments-b
uying-house\node_modules\next
\dist\compiled\next-server\ap
p-page.runtime.prod.js:12:615
46)
    at nN (C:\Users\DELL\OneD
rive\Desktop\aelbd\garments-b
uying-house\node_modules\next
\dist\compiled\next-server\ap
p-page.runtime.prod.js:12:645
46)
    at nB (C:\Users\DELL\OneD
rive\Desktop\aelbd\garments-b
uying-house\node_modules\next
\dist\compiled\next-server\ap
p-page.runtime.prod.js:12:675
38)
    at nD (C:\Users\DELL\OneD
rive\Desktop\aelbd\garments-b
uying-house\node_modules\next
\dist\compiled\next-server\ap
p-page.runtime.prod.js:12:666
80)
    at nN (C:\Users\DELL\OneD
rive\Desktop\aelbd\garments-b
uying-house\node_modules\next
\dist\compiled\next-server\ap
p-page.runtime.prod.js:12:648
53)
    at nB (C:\Users\DELL\OneD
rive\Desktop\aelbd\garments-b
uying-house\node_modules\next
\dist\compiled\next-server\ap
p-page.runtime.prod.js:12:675
38)
    at nD (C:\Users\DELL\OneD
rive\Desktop\aelbd\garments-b
uying-house\node_modules\next
\dist\compiled\next-server\ap
p-page.runtime.prod.js:12:666
80) {
  digest: '2581485839'
}

Error occurred prerendering 
page "/admin". Read more: htt
ps://nextjs.org/docs/messages
/prerender-error

TypeError: Cannot 
destructure property 'data' 
of '(0 , d.useSession)(...)' 
as it is undefined.
    at q (C:\Users\DELL\OneDr
ive\Desktop\aelbd\garments-bu
ying-house\.next\server\chunk
s\1249.js:2:8572)
    at nj (C:\Users\DELL\OneD
rive\Desktop\aelbd\garments-b
uying-house\node_modules\next
\dist\compiled\next-server\ap
p-page.runtime.prod.js:12:462
51)
    at nM (C:\Users\DELL\OneD
rive\Desktop\aelbd\garments-b
uying-house\node_modules\next
\dist\compiled\next-server\ap
p-page.runtime.prod.js:12:475
71)
    at nM (C:\Users\DELL\OneD
rive\Desktop\aelbd\garments-b
uying-house\node_modules\next
\dist\compiled\next-server\ap
p-page.runtime.prod.js:12:615
46)
    at nN (C:\Users\DELL\OneD
rive\Desktop\aelbd\garments-b
uying-house\node_modules\next
\dist\compiled\next-server\ap
p-page.runtime.prod.js:12:645
46)
    at nB (C:\Users\DELL\OneD
rive\Desktop\aelbd\garments-b
uying-house\node_modules\next
\dist\compiled\next-server\ap
p-page.runtime.prod.js:12:675
38)
    at nD (C:\Users\DELL\OneD
rive\Desktop\aelbd\garments-b
uying-house\node_modules\next
\dist\compiled\next-server\ap
p-page.runtime.prod.js:12:666
80)
    at nN (C:\Users\DELL\OneD
rive\Desktop\aelbd\garments-b
uying-house\node_modules\next
\dist\compiled\next-server\ap
p-page.runtime.prod.js:12:648
53)
    at nB (C:\Users\DELL\OneD
rive\Desktop\aelbd\garments-b
uying-house\node_modules\next
\dist\compiled\next-server\ap
p-page.runtime.prod.js:12:675
38)
    at nD (C:\Users\DELL\OneD
rive\Desktop\aelbd\garments-b
uying-house\node_modules\next
\dist\compiled\next-server\ap
p-page.runtime.prod.js:12:666
80)
TypeError: Cannot 
destructure property 'data' 
of '(0 , d.useSession)(...)' 
as it is undefined.
    at q (C:\Users\DELL\OneDr
ive\Desktop\aelbd\garments-bu
ying-house\.next\server\chunk
s\1249.js:2:8572)
    at nj (C:\Users\DELL\OneD
rive\Desktop\aelbd\garments-b
uying-house\node_modules\next
\dist\compiled\next-server\ap
p-page.runtime.prod.js:12:462
51)
    at nM (C:\Users\DELL\OneD
rive\Desktop\aelbd\garments-b
uying-house\node_modules\next
\dist\compiled\next-server\ap
p-page.runtime.prod.js:12:475
71)
    at nM (C:\Users\DELL\OneD
rive\Desktop\aelbd\garments-b
uying-house\node_modules\next
\dist\compiled\next-server\ap
p-page.runtime.prod.js:12:615
46)
    at nN (C:\Users\DELL\OneD
rive\Desktop\aelbd\garments-b
uying-house\node_modules\next
\dist\compiled\next-server\ap
p-page.runtime.prod.js:12:645
46)
    at nB (C:\Users\DELL\OneD
rive\Desktop\aelbd\garments-b
uying-house\node_modules\next
\dist\compiled\next-server\ap
p-page.runtime.prod.js:12:675
38)
    at nD (C:\Users\DELL\OneD
rive\Desktop\aelbd\garments-b
uying-house\node_modules\next
\dist\compiled\next-server\ap
p-page.runtime.prod.js:12:666
80)
    at nN (C:\Users\DELL\OneD
rive\Desktop\aelbd\garments-b
uying-house\node_modules\next
\dist\compiled\next-server\ap
p-page.runtime.prod.js:12:648
53)
    at nB (C:\Users\DELL\OneD
rive\Desktop\aelbd\garments-b
uying-house\node_modules\next
\dist\compiled\next-server\ap
p-page.runtime.prod.js:12:675
38)
    at nD (C:\Users\DELL\OneD
rive\Desktop\aelbd\garments-b
uying-house\node_modules\next
\dist\compiled\next-server\ap
p-page.runtime.prod.js:12:666
80) {
  digest: '2581485839'
}

Error occurred prerendering 
page "/admin/homepage". Read 
more: https://nextjs.org/docs
/messages/prerender-error

TypeError: Cannot 
destructure property 'data' 
of '(0 , d.useSession)(...)' 
as it is undefined.
    at q (C:\Users\DELL\OneDr
ive\Desktop\aelbd\garments-bu
ying-house\.next\server\chunk
s\1249.js:2:8572)
    at nj (C:\Users\DELL\OneD
rive\Desktop\aelbd\garments-b
uying-house\node_modules\next
\dist\compiled\next-server\ap
p-page.runtime.prod.js:12:462
51)
    at nM (C:\Users\DELL\OneD
rive\Desktop\aelbd\garments-b
uying-house\node_modules\next
\dist\compiled\next-server\ap
p-page.runtime.prod.js:12:475
71)
    at nM (C:\Users\DELL\OneD
rive\Desktop\aelbd\garments-b
uying-house\node_modules\next
\dist\compiled\next-server\ap
p-page.runtime.prod.js:12:615
46)
    at nN (C:\Users\DELL\OneD
rive\Desktop\aelbd\garments-b
uying-house\node_modules\next
\dist\compiled\next-server\ap
p-page.runtime.prod.js:12:645
46)
    at nB (C:\Users\DELL\OneD
rive\Desktop\aelbd\garments-b
uying-house\node_modules\next
\dist\compiled\next-server\ap
p-page.runtime.prod.js:12:675
38)
    at nD (C:\Users\DELL\OneD
rive\Desktop\aelbd\garments-b
uying-house\node_modules\next
\dist\compiled\next-server\ap
p-page.runtime.prod.js:12:666
80)
    at nN (C:\Users\DELL\OneD
rive\Desktop\aelbd\garments-b
uying-house\node_modules\next
\dist\compiled\next-server\ap
p-page.runtime.prod.js:12:648
53)
    at nB (C:\Users\DELL\OneD
rive\Desktop\aelbd\garments-b
uying-house\node_modules\next
\dist\compiled\next-server\ap
p-page.runtime.prod.js:12:675
38)
    at nD (C:\Users\DELL\OneD
rive\Desktop\aelbd\garments-b
uying-house\node_modules\next
\dist\compiled\next-server\ap
p-page.runtime.prod.js:12:666
80)
TypeError: Cannot 
destructure property 'data' 
of '(0 , d.useSession)(...)' 
as it is undefined.
    at q (C:\Users\DELL\OneDr
ive\Desktop\aelbd\garments-bu
ying-house\.next\server\chunk
s\1249.js:2:8572)
    at nj (C:\Users\DELL\OneD
rive\Desktop\aelbd\garments-b
uying-house\node_modules\next
\dist\compiled\next-server\ap
p-page.runtime.prod.js:12:462
51)
    at nM (C:\Users\DELL\OneD
rive\Desktop\aelbd\garments-b
uying-house\node_modules\next
\dist\compiled\next-server\ap
p-page.runtime.prod.js:12:475
71)
    at nM (C:\Users\DELL\OneD
rive\Desktop\aelbd\garments-b
uying-house\node_modules\next
\dist\compiled\next-server\ap
p-page.runtime.prod.js:12:615
46)
    at nN (C:\Users\DELL\OneD
rive\Desktop\aelbd\garments-b
uying-house\node_modules\next
\dist\compiled\next-server\ap
p-page.runtime.prod.js:12:645
46)
    at nB (C:\Users\DELL\OneD
rive\Desktop\aelbd\garments-b
uying-house\node_modules\next
\dist\compiled\next-server\ap
p-page.runtime.prod.js:12:675
38)
    at nD (C:\Users\DELL\OneD
rive\Desktop\aelbd\garments-b
uying-house\node_modules\next
\dist\compiled\next-server\ap
p-page.runtime.prod.js:12:666
80)
    at nN (C:\Users\DELL\OneD
rive\Desktop\aelbd\garments-b
uying-house\node_modules\next
\dist\compiled\next-server\ap
p-page.runtime.prod.js:12:648
53)
    at nB (C:\Users\DELL\OneD
rive\Desktop\aelbd\garments-b
uying-house\node_modules\next
\dist\compiled\next-server\ap
p-page.runtime.prod.js:12:675
38)
    at nD (C:\Users\DELL\OneD
rive\Desktop\aelbd\garments-b
uying-house\node_modules\next
\dist\compiled\next-server\ap
p-page.runtime.prod.js:12:666
80) {
  digest: '2581485839'
}

Error occurred prerendering 
page "/admin/media". Read 
more: https://nextjs.org/docs
/messages/prerender-error

TypeError: Cannot 
destructure property 'data' 
of '(0 , d.useSession)(...)' 
as it is undefined.
    at q (C:\Users\DELL\OneDr
ive\Desktop\aelbd\garments-bu
ying-house\.next\server\chunk
s\1249.js:2:8572)
    at nj (C:\Users\DELL\OneD
rive\Desktop\aelbd\garments-b
uying-house\node_modules\next
\dist\compiled\next-server\ap
p-page.runtime.prod.js:12:462
51)
    at nM (C:\Users\DELL\OneD
rive\Desktop\aelbd\garments-b
uying-house\node_modules\next
\dist\compiled\next-server\ap
p-page.runtime.prod.js:12:475
71)
    at nM (C:\Users\DELL\OneD
rive\Desktop\aelbd\garments-b
uying-house\node_modules\next
\dist\compiled\next-server\ap
p-page.runtime.prod.js:12:615
46)
    at nN (C:\Users\DELL\OneD
rive\Desktop\aelbd\garments-b
uying-house\node_modules\next
\dist\compiled\next-server\ap
p-page.runtime.prod.js:12:645
46)
    at nB (C:\Users\DELL\OneD
rive\Desktop\aelbd\garments-b
uying-house\node_modules\next
\dist\compiled\next-server\ap
p-page.runtime.prod.js:12:675
38)
    at nD (C:\Users\DELL\OneD
rive\Desktop\aelbd\garments-b
uying-house\node_modules\next
\dist\compiled\next-server\ap
p-page.runtime.prod.js:12:666
80)
    at nN (C:\Users\DELL\OneD
rive\Desktop\aelbd\garments-b
uying-house\node_modules\next
\dist\compiled\next-server\ap
p-page.runtime.prod.js:12:648
53)
    at nB (C:\Users\DELL\OneD
rive\Desktop\aelbd\garments-b
uying-house\node_modules\next
\dist\compiled\next-server\ap
p-page.runtime.prod.js:12:675
38)
    at nD (C:\Users\DELL\OneD
rive\Desktop\aelbd\garments-b
uying-house\node_modules\next
\dist\compiled\next-server\ap
p-page.runtime.prod.js:12:666
80)
   Generating static pages (26/53) 
TypeError: Cannot 
destructure property 'data' 
of '(0 , d.useSession)(...)' 
as it is undefined.
    at q (C:\Users\DELL\OneDr
ive\Desktop\aelbd\garments-bu
ying-house\.next\server\chunk
s\1249.js:2:8572)
    at nj (C:\Users\DELL\OneD
rive\Desktop\aelbd\garments-b
uying-house\node_modules\next
\dist\compiled\next-server\ap
p-page.runtime.prod.js:12:462
51)
    at nM (C:\Users\DELL\OneD
rive\Desktop\aelbd\garments-b
uying-house\node_modules\next
\dist\compiled\next-server\ap
p-page.runtime.prod.js:12:475
71)
    at nM (C:\Users\DELL\OneD
rive\Desktop\aelbd\garments-b
uying-house\node_modules\next
\dist\compiled\next-server\ap
p-page.runtime.prod.js:12:615
46)
    at nN (C:\Users\DELL\OneD
rive\Desktop\aelbd\garments-b
uying-house\node_modules\next
\dist\compiled\next-server\ap
p-page.runtime.prod.js:12:645
46)
    at nB (C:\Users\DELL\OneD
rive\Desktop\aelbd\garments-b
uying-house\node_modules\next
\dist\compiled\next-server\ap
p-page.runtime.prod.js:12:675
38)
    at nD (C:\Users\DELL\OneD
rive\Desktop\aelbd\garments-b
uying-house\node_modules\next
\dist\compiled\next-server\ap
p-page.runtime.prod.js:12:666
80)
    at nN (C:\Users\DELL\OneD
rive\Desktop\aelbd\garments-b
uying-house\node_modules\next
\dist\compiled\next-server\ap
p-page.runtime.prod.js:12:648
53)
    at nB (C:\Users\DELL\OneD
rive\Desktop\aelbd\garments-b
uying-house\node_modules\next
\dist\compiled\next-server\ap
p-page.runtime.prod.js:12:675
38)
    at nD (C:\Users\DELL\OneD
rive\Desktop\aelbd\garments-b
uying-house\node_modules\next
\dist\compiled\next-server\ap
p-page.runtime.prod.js:12:666
80) {
  digest: '2581485839'
}

Error occurred prerendering 
page "/admin/bulk-upload". 
Read more: https://nextjs.org
/docs/messages/prerender-erro
r

TypeError: Cannot 
destructure property 'data' 
of '(0 , d.useSession)(...)' 
as it is undefined.
    at q (C:\Users\DELL\OneDr
ive\Desktop\aelbd\garments-bu
ying-house\.next\server\chunk
s\1249.js:2:8572)
    at nj (C:\Users\DELL\OneD
rive\Desktop\aelbd\garments-b
uying-house\node_modules\next
\dist\compiled\next-server\ap
p-page.runtime.prod.js:12:462
51)
    at nM (C:\Users\DELL\OneD
rive\Desktop\aelbd\garments-b
uying-house\node_modules\next
\dist\compiled\next-server\ap
p-page.runtime.prod.js:12:475
71)
    at nM (C:\Users\DELL\OneD
rive\Desktop\aelbd\garments-b
uying-house\node_modules\next
\dist\compiled\next-server\ap
p-page.runtime.prod.js:12:615
46)
    at nN (C:\Users\DELL\OneD
rive\Desktop\aelbd\garments-b
uying-house\node_modules\next
\dist\compiled\next-server\ap
p-page.runtime.prod.js:12:645
46)
    at nB (C:\Users\DELL\OneD
rive\Desktop\aelbd\garments-b
uying-house\node_modules\next
\dist\compiled\next-server\ap
p-page.runtime.prod.js:12:675
38)
    at nD (C:\Users\DELL\OneD
rive\Desktop\aelbd\garments-b
uying-house\node_modules\next
\dist\compiled\next-server\ap
p-page.runtime.prod.js:12:666
80)
    at nN (C:\Users\DELL\OneD
rive\Desktop\aelbd\garments-b
uying-house\node_modules\next
\dist\compiled\next-server\ap
p-page.runtime.prod.js:12:648
53)
    at nB (C:\Users\DELL\OneD
rive\Desktop\aelbd\garments-b
uying-house\node_modules\next
\dist\compiled\next-server\ap
p-page.runtime.prod.js:12:675
38)
    at nD (C:\Users\DELL\OneD
rive\Desktop\aelbd\garments-b
uying-house\node_modules\next
\dist\compiled\next-server\ap
p-page.runtime.prod.js:12:666
80)
TypeError: Cannot 
destructure property 'data' 
of '(0 , d.useSession)(...)' 
as it is undefined.
    at q (C:\Users\DELL\OneDr
ive\Desktop\aelbd\garments-bu
ying-house\.next\server\chunk
s\1249.js:2:8572)
    at nj (C:\Users\DELL\OneD
rive\Desktop\aelbd\garments-b
uying-house\node_modules\next
\dist\compiled\next-server\ap
p-page.runtime.prod.js:12:462
51)
    at nM (C:\Users\DELL\OneD
rive\Desktop\aelbd\garments-b
uying-house\node_modules\next
\dist\compiled\next-server\ap
p-page.runtime.prod.js:12:475
71)
    at nM (C:\Users\DELL\OneD
rive\Desktop\aelbd\garments-b
uying-house\node_modules\next
\dist\compiled\next-server\ap
p-page.runtime.prod.js:12:615
46)
    at nN (C:\Users\DELL\OneD
rive\Desktop\aelbd\garments-b
uying-house\node_modules\next
\dist\compiled\next-server\ap
p-page.runtime.prod.js:12:645
46)
    at nB (C:\Users\DELL\OneD
rive\Desktop\aelbd\garments-b
uying-house\node_modules\next
\dist\compiled\next-server\ap
p-page.runtime.prod.js:12:675
38)
    at nD (C:\Users\DELL\OneD
rive\Desktop\aelbd\garments-b
uying-house\node_modules\next
\dist\compiled\next-server\ap
p-page.runtime.prod.js:12:666
80)
    at nN (C:\Users\DELL\OneD
rive\Desktop\aelbd\garments-b
uying-house\node_modules\next
\dist\compiled\next-server\ap
p-page.runtime.prod.js:12:648
53)
    at nB (C:\Users\DELL\OneD
rive\Desktop\aelbd\garments-b
uying-house\node_modules\next
\dist\compiled\next-server\ap
p-page.runtime.prod.js:12:675
38)
    at nD (C:\Users\DELL\OneD
rive\Desktop\aelbd\garments-b
uying-house\node_modules\next
\dist\compiled\next-server\ap
p-page.runtime.prod.js:12:666
80) {
  digest: '2581485839'
}

Error occurred prerendering 
page "/admin/inquiries". 
Read more: https://nextjs.org
/docs/messages/prerender-erro
r

TypeError: Cannot 
destructure property 'data' 
of '(0 , d.useSession)(...)' 
as it is undefined.
    at q (C:\Users\DELL\OneDr
ive\Desktop\aelbd\garments-bu
ying-house\.next\server\chunk
s\1249.js:2:8572)
    at nj (C:\Users\DELL\OneD
rive\Desktop\aelbd\garments-b
uying-house\node_modules\next
\dist\compiled\next-server\ap
p-page.runtime.prod.js:12:462
51)
    at nM (C:\Users\DELL\OneD
rive\Desktop\aelbd\garments-b
uying-house\node_modules\next
\dist\compiled\next-server\ap
p-page.runtime.prod.js:12:475
71)
    at nM (C:\Users\DELL\OneD
rive\Desktop\aelbd\garments-b
uying-house\node_modules\next
\dist\compiled\next-server\ap
p-page.runtime.prod.js:12:615
46)
    at nN (C:\Users\DELL\OneD
rive\Desktop\aelbd\garments-b
uying-house\node_modules\next
\dist\compiled\next-server\ap
p-page.runtime.prod.js:12:645
46)
    at nB (C:\Users\DELL\OneD
rive\Desktop\aelbd\garments-b
uying-house\node_modules\next
\dist\compiled\next-server\ap
p-page.runtime.prod.js:12:675
38)
    at nD (C:\Users\DELL\OneD
rive\Desktop\aelbd\garments-b
uying-house\node_modules\next
\dist\compiled\next-server\ap
p-page.runtime.prod.js:12:666
80)
    at nN (C:\Users\DELL\OneD
rive\Desktop\aelbd\garments-b
uying-house\node_modules\next
\dist\compiled\next-server\ap
p-page.runtime.prod.js:12:648
53)
    at nB (C:\Users\DELL\OneD
rive\Desktop\aelbd\garments-b
uying-house\node_modules\next
\dist\compiled\next-server\ap
p-page.runtime.prod.js:12:675
38)
    at nD (C:\Users\DELL\OneD
rive\Desktop\aelbd\garments-b
uying-house\node_modules\next
\dist\compiled\next-server\ap
p-page.runtime.prod.js:12:666
80)
TypeError: Cannot 
destructure property 'data' 
of '(0 , d.useSession)(...)' 
as it is undefined.
    at q (C:\Users\DELL\OneDr
ive\Desktop\aelbd\garments-bu
ying-house\.next\server\chunk
s\1249.js:2:8572)
    at nj (C:\Users\DELL\OneD
rive\Desktop\aelbd\garments-b
uying-house\node_modules\next
\dist\compiled\next-server\ap
p-page.runtime.prod.js:12:462
51)
    at nM (C:\Users\DELL\OneD
rive\Desktop\aelbd\garments-b
uying-house\node_modules\next
\dist\compiled\next-server\ap
p-page.runtime.prod.js:12:475
71)
    at nM (C:\Users\DELL\OneD
rive\Desktop\aelbd\garments-b
uying-house\node_modules\next
\dist\compiled\next-server\ap
p-page.runtime.prod.js:12:615
46)
    at nN (C:\Users\DELL\OneD
rive\Desktop\aelbd\garments-b
uying-house\node_modules\next
\dist\compiled\next-server\ap
p-page.runtime.prod.js:12:645
46)
    at nB (C:\Users\DELL\OneD
rive\Desktop\aelbd\garments-b
uying-house\node_modules\next
\dist\compiled\next-server\ap
p-page.runtime.prod.js:12:675
38)
    at nD (C:\Users\DELL\OneD
rive\Desktop\aelbd\garments-b
uying-house\node_modules\next
\dist\compiled\next-server\ap
p-page.runtime.prod.js:12:666
80)
    at nN (C:\Users\DELL\OneD
rive\Desktop\aelbd\garments-b
uying-house\node_modules\next
\dist\compiled\next-server\ap
p-page.runtime.prod.js:12:648
53)
    at nB (C:\Users\DELL\OneD
rive\Desktop\aelbd\garments-b
uying-house\node_modules\next
\dist\compiled\next-server\ap
p-page.runtime.prod.js:12:675
38)
    at nD (C:\Users\DELL\OneD
rive\Desktop\aelbd\garments-b
uying-house\node_modules\next
\dist\compiled\next-server\ap
p-page.runtime.prod.js:12:666
80) {
  digest: '2581485839'
}

Error occurred prerendering 
page "/admin/notifications". 
Read more: https://nextjs.org
/docs/messages/prerender-erro
r

TypeError: Cannot 
destructure property 'data' 
of '(0 , d.useSession)(...)' 
as it is undefined.
    at q (C:\Users\DELL\OneDr
ive\Desktop\aelbd\garments-bu
ying-house\.next\server\chunk
s\1249.js:2:8572)
    at nj (C:\Users\DELL\OneD
rive\Desktop\aelbd\garments-b
uying-house\node_modules\next
\dist\compiled\next-server\ap
p-page.runtime.prod.js:12:462
51)
    at nM (C:\Users\DELL\OneD
rive\Desktop\aelbd\garments-b
uying-house\node_modules\next
\dist\compiled\next-server\ap
p-page.runtime.prod.js:12:475
71)
    at nM (C:\Users\DELL\OneD
rive\Desktop\aelbd\garments-b
uying-house\node_modules\next
\dist\compiled\next-server\ap
p-page.runtime.prod.js:12:615
46)
    at nN (C:\Users\DELL\OneD
rive\Desktop\aelbd\garments-b
uying-house\node_modules\next
\dist\compiled\next-server\ap
p-page.runtime.prod.js:12:645
46)
    at nB (C:\Users\DELL\OneD
rive\Desktop\aelbd\garments-b
uying-house\node_modules\next
\dist\compiled\next-server\ap
p-page.runtime.prod.js:12:675
38)
    at nD (C:\Users\DELL\OneD
rive\Desktop\aelbd\garments-b
uying-house\node_modules\next
\dist\compiled\next-server\ap
p-page.runtime.prod.js:12:666
80)
    at nN (C:\Users\DELL\OneD
rive\Desktop\aelbd\garments-b
uying-house\node_modules\next
\dist\compiled\next-server\ap
p-page.runtime.prod.js:12:648
53)
    at nB (C:\Users\DELL\OneD
rive\Desktop\aelbd\garments-b
uying-house\node_modules\next
\dist\compiled\next-server\ap
p-page.runtime.prod.js:12:675
38)
    at nD (C:\Users\DELL\OneD
rive\Desktop\aelbd\garments-b
uying-house\node_modules\next
\dist\compiled\next-server\ap
p-page.runtime.prod.js:12:666
80)
TypeError: Cannot 
destructure property 'data' 
of '(0 , d.useSession)(...)' 
as it is undefined.
    at q (C:\Users\DELL\OneDr
ive\Desktop\aelbd\garments-bu
ying-house\.next\server\chunk
s\1249.js:2:8572)
    at nj (C:\Users\DELL\OneD
rive\Desktop\aelbd\garments-b
uying-house\node_modules\next
\dist\compiled\next-server\ap
p-page.runtime.prod.js:12:462
51)
    at nM (C:\Users\DELL\OneD
rive\Desktop\aelbd\garments-b
uying-house\node_modules\next
\dist\compiled\next-server\ap
p-page.runtime.prod.js:12:475
71)
    at nM (C:\Users\DELL\OneD
rive\Desktop\aelbd\garments-b
uying-house\node_modules\next
\dist\compiled\next-server\ap
p-page.runtime.prod.js:12:615
46)
    at nN (C:\Users\DELL\OneD
rive\Desktop\aelbd\garments-b
uying-house\node_modules\next
\dist\compiled\next-server\ap
p-page.runtime.prod.js:12:645
46)
    at nB (C:\Users\DELL\OneD
rive\Desktop\aelbd\garments-b
uying-house\node_modules\next
\dist\compiled\next-server\ap
p-page.runtime.prod.js:12:675
38)
    at nD (C:\Users\DELL\OneD
rive\Desktop\aelbd\garments-b
uying-house\node_modules\next
\dist\compiled\next-server\ap
p-page.runtime.prod.js:12:666
80)
    at nN (C:\Users\DELL\OneD
rive\Desktop\aelbd\garments-b
uying-house\node_modules\next
\dist\compiled\next-server\ap
p-page.runtime.prod.js:12:648
53)
    at nB (C:\Users\DELL\OneD
rive\Desktop\aelbd\garments-b
uying-house\node_modules\next
\dist\compiled\next-server\ap
p-page.runtime.prod.js:12:675
38)
    at nD (C:\Users\DELL\OneD
rive\Desktop\aelbd\garments-b
uying-house\node_modules\next
\dist\compiled\next-server\ap
p-page.runtime.prod.js:12:666
80) {
  digest: '2581485839'
}

Error occurred prerendering 
page "/admin/products/new". 
Read more: https://nextjs.org
/docs/messages/prerender-erro
r

TypeError: Cannot 
destructure property 'data' 
of '(0 , d.useSession)(...)' 
as it is undefined.
    at q (C:\Users\DELL\OneDr
ive\Desktop\aelbd\garments-bu
ying-house\.next\server\chunk
s\1249.js:2:8572)
    at nj (C:\Users\DELL\OneD
rive\Desktop\aelbd\garments-b
uying-house\node_modules\next
\dist\compiled\next-server\ap
p-page.runtime.prod.js:12:462
51)
    at nM (C:\Users\DELL\OneD
rive\Desktop\aelbd\garments-b
uying-house\node_modules\next
\dist\compiled\next-server\ap
p-page.runtime.prod.js:12:475
71)
    at nM (C:\Users\DELL\OneD
rive\Desktop\aelbd\garments-b
uying-house\node_modules\next
\dist\compiled\next-server\ap
p-page.runtime.prod.js:12:615
46)
    at nN (C:\Users\DELL\OneD
rive\Desktop\aelbd\garments-b
uying-house\node_modules\next
\dist\compiled\next-server\ap
p-page.runtime.prod.js:12:645
46)
    at nB (C:\Users\DELL\OneD
rive\Desktop\aelbd\garments-b
uying-house\node_modules\next
\dist\compiled\next-server\ap
p-page.runtime.prod.js:12:675
38)
    at nD (C:\Users\DELL\OneD
rive\Desktop\aelbd\garments-b
uying-house\node_modules\next
\dist\compiled\next-server\ap
p-page.runtime.prod.js:12:666
80)
    at nN (C:\Users\DELL\OneD
rive\Desktop\aelbd\garments-b
uying-house\node_modules\next
\dist\compiled\next-server\ap
p-page.runtime.prod.js:12:648
53)
    at nB (C:\Users\DELL\OneD
rive\Desktop\aelbd\garments-b
uying-house\node_modules\next
\dist\compiled\next-server\ap
p-page.runtime.prod.js:12:675
38)
    at nD (C:\Users\DELL\OneD
rive\Desktop\aelbd\garments-b
uying-house\node_modules\next
\dist\compiled\next-server\ap
p-page.runtime.prod.js:12:666
80)
TypeError: Cannot 
destructure property 'data' 
of '(0 , d.useSession)(...)' 
as it is undefined.
    at q (C:\Users\DELL\OneDr
ive\Desktop\aelbd\garments-bu
ying-house\.next\server\chunk
s\1249.js:2:8572)
    at nj (C:\Users\DELL\OneD
rive\Desktop\aelbd\garments-b
uying-house\node_modules\next
\dist\compiled\next-server\ap
p-page.runtime.prod.js:12:462
51)
    at nM (C:\Users\DELL\OneD
rive\Desktop\aelbd\garments-b
uying-house\node_modules\next
\dist\compiled\next-server\ap
p-page.runtime.prod.js:12:475
71)
    at nM (C:\Users\DELL\OneD
rive\Desktop\aelbd\garments-b
uying-house\node_modules\next
\dist\compiled\next-server\ap
p-page.runtime.prod.js:12:615
46)
    at nN (C:\Users\DELL\OneD
rive\Desktop\aelbd\garments-b
uying-house\node_modules\next
\dist\compiled\next-server\ap
p-page.runtime.prod.js:12:645
46)
    at nB (C:\Users\DELL\OneD
rive\Desktop\aelbd\garments-b
uying-house\node_modules\next
\dist\compiled\next-server\ap
p-page.runtime.prod.js:12:675
38)
    at nD (C:\Users\DELL\OneD
rive\Desktop\aelbd\garments-b
uying-house\node_modules\next
\dist\compiled\next-server\ap
p-page.runtime.prod.js:12:666
80)
    at nN (C:\Users\DELL\OneD
rive\Desktop\aelbd\garments-b
uying-house\node_modules\next
\dist\compiled\next-server\ap
p-page.runtime.prod.js:12:648
53)
    at nB (C:\Users\DELL\OneD
rive\Desktop\aelbd\garments-b
uying-house\node_modules\next
\dist\compiled\next-server\ap
p-page.runtime.prod.js:12:675
38)
    at nD (C:\Users\DELL\OneD
rive\Desktop\aelbd\garments-b
uying-house\node_modules\next
\dist\compiled\next-server\ap
p-page.runtime.prod.js:12:666
80) {
  digest: '2581485839'
}

Error occurred prerendering 
page "/admin/products". Read 
more: https://nextjs.org/docs
/messages/prerender-error

TypeError: Cannot 
destructure property 'data' 
of '(0 , d.useSession)(...)' 
as it is undefined.
    at q (C:\Users\DELL\OneDr
ive\Desktop\aelbd\garments-bu
ying-house\.next\server\chunk
s\1249.js:2:8572)
    at nj (C:\Users\DELL\OneD
rive\Desktop\aelbd\garments-b
uying-house\node_modules\next
\dist\compiled\next-server\ap
p-page.runtime.prod.js:12:462
51)
    at nM (C:\Users\DELL\OneD
rive\Desktop\aelbd\garments-b
uying-house\node_modules\next
\dist\compiled\next-server\ap
p-page.runtime.prod.js:12:475
71)
    at nM (C:\Users\DELL\OneD
rive\Desktop\aelbd\garments-b
uying-house\node_modules\next
\dist\compiled\next-server\ap
p-page.runtime.prod.js:12:615
46)
    at nN (C:\Users\DELL\OneD
rive\Desktop\aelbd\garments-b
uying-house\node_modules\next
\dist\compiled\next-server\ap
p-page.runtime.prod.js:12:645
46)
    at nB (C:\Users\DELL\OneD
rive\Desktop\aelbd\garments-b
uying-house\node_modules\next
\dist\compiled\next-server\ap
p-page.runtime.prod.js:12:675
38)
    at nD (C:\Users\DELL\OneD
rive\Desktop\aelbd\garments-b
uying-house\node_modules\next
\dist\compiled\next-server\ap
p-page.runtime.prod.js:12:666
80)
    at nN (C:\Users\DELL\OneD
rive\Desktop\aelbd\garments-b
uying-house\node_modules\next
\dist\compiled\next-server\ap
p-page.runtime.prod.js:12:648
53)
    at nB (C:\Users\DELL\OneD
rive\Desktop\aelbd\garments-b
uying-house\node_modules\next
\dist\compiled\next-server\ap
p-page.runtime.prod.js:12:675
38)
    at nD (C:\Users\DELL\OneD
rive\Desktop\aelbd\garments-b
uying-house\node_modules\next
\dist\compiled\next-server\ap
p-page.runtime.prod.js:12:666
80)
TypeError: Cannot 
destructure property 'data' 
of '(0 , d.useSession)(...)' 
as it is undefined.
    at q (C:\Users\DELL\OneDr
ive\Desktop\aelbd\garments-bu
ying-house\.next\server\chunk
s\1249.js:2:8572)
    at nj (C:\Users\DELL\OneD
rive\Desktop\aelbd\garments-b
uying-house\node_modules\next
\dist\compiled\next-server\ap
p-page.runtime.prod.js:12:462
51)
    at nM (C:\Users\DELL\OneD
rive\Desktop\aelbd\garments-b
uying-house\node_modules\next
\dist\compiled\next-server\ap
p-page.runtime.prod.js:12:475
71)
    at nM (C:\Users\DELL\OneD
rive\Desktop\aelbd\garments-b
uying-house\node_modules\next
\dist\compiled\next-server\ap
p-page.runtime.prod.js:12:615
46)
    at nN (C:\Users\DELL\OneD
rive\Desktop\aelbd\garments-b
uying-house\node_modules\next
\dist\compiled\next-server\ap
p-page.runtime.prod.js:12:645
46)
    at nB (C:\Users\DELL\OneD
rive\Desktop\aelbd\garments-b
uying-house\node_modules\next
\dist\compiled\next-server\ap
p-page.runtime.prod.js:12:675
38)
    at nD (C:\Users\DELL\OneD
rive\Desktop\aelbd\garments-b
uying-house\node_modules\next
\dist\compiled\next-server\ap
p-page.runtime.prod.js:12:666
80)
    at nN (C:\Users\DELL\OneD
rive\Desktop\aelbd\garments-b
uying-house\node_modules\next
\dist\compiled\next-server\ap
p-page.runtime.prod.js:12:648
53)
    at nB (C:\Users\DELL\OneD
rive\Desktop\aelbd\garments-b
uying-house\node_modules\next
\dist\compiled\next-server\ap
p-page.runtime.prod.js:12:675
38)
    at nD (C:\Users\DELL\OneD
rive\Desktop\aelbd\garments-b
uying-house\node_modules\next
\dist\compiled\next-server\ap
p-page.runtime.prod.js:12:666
80) {
  digest: '2581485839'
}
TypeError: Cannot 
destructure property 'data' 
of '(0 , d.useSession)(...)' 
as it is undefined.
    at q (C:\Users\DELL\OneDr
ive\Desktop\aelbd\garments-bu
ying-house\.next\server\chunk
s\1249.js:2:8572)
    at nj (C:\Users\DELL\OneD
rive\Desktop\aelbd\garments-b
uying-house\node_modules\next
\dist\compiled\next-server\ap
p-page.runtime.prod.js:12:462
51)
    at nM (C:\Users\DELL\OneD
rive\Desktop\aelbd\garments-b
uying-house\node_modules\next
\dist\compiled\next-server\ap
p-page.runtime.prod.js:12:475
71)
    at nM (C:\Users\DELL\OneD
rive\Desktop\aelbd\garments-b
uying-house\node_modules\next
\dist\compiled\next-server\ap
p-page.runtime.prod.js:12:615
46)
    at nN (C:\Users\DELL\OneD
rive\Desktop\aelbd\garments-b
uying-house\node_modules\next
\dist\compiled\next-server\ap
p-page.runtime.prod.js:12:645
46)
    at nB (C:\Users\DELL\OneD
rive\Desktop\aelbd\garments-b
uying-house\node_modules\next
\dist\compiled\next-server\ap
p-page.runtime.prod.js:12:675
38)
    at nD (C:\Users\DELL\OneD
rive\Desktop\aelbd\garments-b
uying-house\node_modules\next
\dist\compiled\next-server\ap
p-page.runtime.prod.js:12:666
80)
    at nN (C:\Users\DELL\OneD
rive\Desktop\aelbd\garments-b
uying-house\node_modules\next
\dist\compiled\next-server\ap
p-page.runtime.prod.js:12:648
53)
    at nB (C:\Users\DELL\OneD
rive\Desktop\aelbd\garments-b
uying-house\node_modules\next
\dist\compiled\next-server\ap
p-page.runtime.prod.js:12:675
38)
    at nD (C:\Users\DELL\OneD
rive\Desktop\aelbd\garments-b
uying-house\node_modules\next
\dist\compiled\next-server\ap
p-page.runtime.prod.js:12:666
80) {
  digest: '2581485839'
}

Error occurred prerendering 
page "/admin/menus". Read 
more: https://nextjs.org/docs
/messages/prerender-error

TypeError: Cannot 
destructure property 'data' 
of '(0 , d.useSession)(...)' 
as it is undefined.
    at q (C:\Users\DELL\OneDr
ive\Desktop\aelbd\garments-bu
ying-house\.next\server\chunk
s\1249.js:2:8572)
    at nj (C:\Users\DELL\OneD
rive\Desktop\aelbd\garments-b
uying-house\node_modules\next
\dist\compiled\next-server\ap
p-page.runtime.prod.js:12:462
51)
    at nM (C:\Users\DELL\OneD
rive\Desktop\aelbd\garments-b
uying-house\node_modules\next
\dist\compiled\next-server\ap
p-page.runtime.prod.js:12:475
71)
    at nM (C:\Users\DELL\OneD
rive\Desktop\aelbd\garments-b
uying-house\node_modules\next
\dist\compiled\next-server\ap
p-page.runtime.prod.js:12:615
46)
    at nN (C:\Users\DELL\OneD
rive\Desktop\aelbd\garments-b
uying-house\node_modules\next
\dist\compiled\next-server\ap
p-page.runtime.prod.js:12:645
46)
    at nB (C:\Users\DELL\OneD
rive\Desktop\aelbd\garments-b
uying-house\node_modules\next
\dist\compiled\next-server\ap
p-page.runtime.prod.js:12:675
38)
    at nD (C:\Users\DELL\OneD
rive\Desktop\aelbd\garments-b
uying-house\node_modules\next
\dist\compiled\next-server\ap
p-page.runtime.prod.js:12:666
80)
    at nN (C:\Users\DELL\OneD
rive\Desktop\aelbd\garments-b
uying-house\node_modules\next
\dist\compiled\next-server\ap
p-page.runtime.prod.js:12:648
53)
    at nB (C:\Users\DELL\OneD
rive\Desktop\aelbd\garments-b
uying-house\node_modules\next
\dist\compiled\next-server\ap
p-page.runtime.prod.js:12:675
38)
    at nD (C:\Users\DELL\OneD
rive\Desktop\aelbd\garments-b
uying-house\node_modules\next
\dist\compiled\next-server\ap
p-page.runtime.prod.js:12:666
80)
TypeError: Cannot 
destructure property 'data' 
of '(0 , d.useSession)(...)' 
as it is undefined.
    at q (C:\Users\DELL\OneDr
ive\Desktop\aelbd\garments-bu
ying-house\.next\server\chunk
s\1249.js:2:8572)
    at nj (C:\Users\DELL\OneD
rive\Desktop\aelbd\garments-b
uying-house\node_modules\next
\dist\compiled\next-server\ap
p-page.runtime.prod.js:12:462
51)
    at nM (C:\Users\DELL\OneD
rive\Desktop\aelbd\garments-b
uying-house\node_modules\next
\dist\compiled\next-server\ap
p-page.runtime.prod.js:12:475
71)
    at nM (C:\Users\DELL\OneD
rive\Desktop\aelbd\garments-b
uying-house\node_modules\next
\dist\compiled\next-server\ap
p-page.runtime.prod.js:12:615
46)
    at nN (C:\Users\DELL\OneD
rive\Desktop\aelbd\garments-b
uying-house\node_modules\next
\dist\compiled\next-server\ap
p-page.runtime.prod.js:12:645
46)
    at nB (C:\Users\DELL\OneD
rive\Desktop\aelbd\garments-b
uying-house\node_modules\next
\dist\compiled\next-server\ap
p-page.runtime.prod.js:12:675
38)
    at nD (C:\Users\DELL\OneD
rive\Desktop\aelbd\garments-b
uying-house\node_modules\next
\dist\compiled\next-server\ap
p-page.runtime.prod.js:12:666
80)
    at nN (C:\Users\DELL\OneD
rive\Desktop\aelbd\garments-b
uying-house\node_modules\next
\dist\compiled\next-server\ap
p-page.runtime.prod.js:12:648
53)
    at nB (C:\Users\DELL\OneD
rive\Desktop\aelbd\garments-b
uying-house\node_modules\next
\dist\compiled\next-server\ap
p-page.runtime.prod.js:12:675
38)
    at nD (C:\Users\DELL\OneD
rive\Desktop\aelbd\garments-b
uying-house\node_modules\next
\dist\compiled\next-server\ap
p-page.runtime.prod.js:12:666
80) {
  digest: '2581485839'
}

Error occurred prerendering 
page "/admin/popups". Read 
more: https://nextjs.org/docs
/messages/prerender-error

TypeError: Cannot 
destructure property 'data' 
of '(0 , d.useSession)(...)' 
as it is undefined.
    at q (C:\Users\DELL\OneDr
ive\Desktop\aelbd\garments-bu
ying-house\.next\server\chunk
s\1249.js:2:8572)
    at nj (C:\Users\DELL\OneD
rive\Desktop\aelbd\garments-b
uying-house\node_modules\next
\dist\compiled\next-server\ap
p-page.runtime.prod.js:12:462
51)
    at nM (C:\Users\DELL\OneD
rive\Desktop\aelbd\garments-b
uying-house\node_modules\next
\dist\compiled\next-server\ap
p-page.runtime.prod.js:12:475
71)
    at nM (C:\Users\DELL\OneD
rive\Desktop\aelbd\garments-b
uying-house\node_modules\next
\dist\compiled\next-server\ap
p-page.runtime.prod.js:12:615
46)
    at nN (C:\Users\DELL\OneD
rive\Desktop\aelbd\garments-b
uying-house\node_modules\next
\dist\compiled\next-server\ap
p-page.runtime.prod.js:12:645
46)
    at nB (C:\Users\DELL\OneD
rive\Desktop\aelbd\garments-b
uying-house\node_modules\next
\dist\compiled\next-server\ap
p-page.runtime.prod.js:12:675
38)
    at nD (C:\Users\DELL\OneD
rive\Desktop\aelbd\garments-b
uying-house\node_modules\next
\dist\compiled\next-server\ap
p-page.runtime.prod.js:12:666
80)
    at nN (C:\Users\DELL\OneD
rive\Desktop\aelbd\garments-b
uying-house\node_modules\next
\dist\compiled\next-server\ap
p-page.runtime.prod.js:12:648
53)
    at nB (C:\Users\DELL\OneD
rive\Desktop\aelbd\garments-b
uying-house\node_modules\next
\dist\compiled\next-server\ap
p-page.runtime.prod.js:12:675
38)
    at nD (C:\Users\DELL\OneD
rive\Desktop\aelbd\garments-b
uying-house\node_modules\next
\dist\compiled\next-server\ap
p-page.runtime.prod.js:12:666
80)

Error occurred prerendering 
page "/admin/performance". 
Read more: https://nextjs.org
/docs/messages/prerender-erro
r

TypeError: Cannot 
destructure property 'data' 
of '(0 , d.useSession)(...)' 
as it is undefined.
    at q (C:\Users\DELL\OneDr
ive\Desktop\aelbd\garments-bu
ying-house\.next\server\chunk
s\1249.js:2:8572)
    at nj (C:\Users\DELL\OneD
rive\Desktop\aelbd\garments-b
uying-house\node_modules\next
\dist\compiled\next-server\ap
p-page.runtime.prod.js:12:462
51)
    at nM (C:\Users\DELL\OneD
rive\Desktop\aelbd\garments-b
uying-house\node_modules\next
\dist\compiled\next-server\ap
p-page.runtime.prod.js:12:475
71)
    at nM (C:\Users\DELL\OneD
rive\Desktop\aelbd\garments-b
uying-house\node_modules\next
\dist\compiled\next-server\ap
p-page.runtime.prod.js:12:615
46)
    at nN (C:\Users\DELL\OneD
rive\Desktop\aelbd\garments-b
uying-house\node_modules\next
\dist\compiled\next-server\ap
p-page.runtime.prod.js:12:645
46)
    at nB (C:\Users\DELL\OneD
rive\Desktop\aelbd\garments-b
uying-house\node_modules\next
\dist\compiled\next-server\ap
p-page.runtime.prod.js:12:675
38)
    at nD (C:\Users\DELL\OneD
rive\Desktop\aelbd\garments-b
uying-house\node_modules\next
\dist\compiled\next-server\ap
p-page.runtime.prod.js:12:666
80)
    at nN (C:\Users\DELL\OneD
rive\Desktop\aelbd\garments-b
uying-house\node_modules\next
\dist\compiled\next-server\ap
p-page.runtime.prod.js:12:648
53)
    at nB (C:\Users\DELL\OneD
rive\Desktop\aelbd\garments-b
uying-house\node_modules\next
\dist\compiled\next-server\ap
p-page.runtime.prod.js:12:675
38)
    at nD (C:\Users\DELL\OneD
rive\Desktop\aelbd\garments-b
uying-house\node_modules\next
\dist\compiled\next-server\ap
p-page.runtime.prod.js:12:666
80)
TypeError: Cannot 
destructure property 'data' 
of '(0 , d.useSession)(...)' 
as it is undefined.
    at q (C:\Users\DELL\OneDr
ive\Desktop\aelbd\garments-bu
ying-house\.next\server\chunk
s\1249.js:2:8572)
    at nj (C:\Users\DELL\OneD
rive\Desktop\aelbd\garments-b
uying-house\node_modules\next
\dist\compiled\next-server\ap
p-page.runtime.prod.js:12:462
51)
    at nM (C:\Users\DELL\OneD
rive\Desktop\aelbd\garments-b
uying-house\node_modules\next
\dist\compiled\next-server\ap
p-page.runtime.prod.js:12:475
71)
    at nM (C:\Users\DELL\OneD
rive\Desktop\aelbd\garments-b
uying-house\node_modules\next
\dist\compiled\next-server\ap
p-page.runtime.prod.js:12:615
46)
    at nN (C:\Users\DELL\OneD
rive\Desktop\aelbd\garments-b
uying-house\node_modules\next
\dist\compiled\next-server\ap
p-page.runtime.prod.js:12:645
46)
    at nB (C:\Users\DELL\OneD
rive\Desktop\aelbd\garments-b
uying-house\node_modules\next
\dist\compiled\next-server\ap
p-page.runtime.prod.js:12:675
38)
    at nD (C:\Users\DELL\OneD
rive\Desktop\aelbd\garments-b
uying-house\node_modules\next
\dist\compiled\next-server\ap
p-page.runtime.prod.js:12:666
80)
    at nN (C:\Users\DELL\OneD
rive\Desktop\aelbd\garments-b
uying-house\node_modules\next
\dist\compiled\next-server\ap
p-page.runtime.prod.js:12:648
53)
    at nB (C:\Users\DELL\OneD
rive\Desktop\aelbd\garments-b
uying-house\node_modules\next
\dist\compiled\next-server\ap
p-page.runtime.prod.js:12:675
38)
    at nD (C:\Users\DELL\OneD
rive\Desktop\aelbd\garments-b
uying-house\node_modules\next
\dist\compiled\next-server\ap
p-page.runtime.prod.js:12:666
80) {
  digest: '2581485839'
}

Error occurred prerendering 
page "/admin/seo". Read 
more: https://nextjs.org/docs
/messages/prerender-error

TypeError: Cannot 
destructure property 'data' 
of '(0 , d.useSession)(...)' 
as it is undefined.
    at q (C:\Users\DELL\OneDr
ive\Desktop\aelbd\garments-bu
ying-house\.next\server\chunk
s\1249.js:2:8572)
    at nj (C:\Users\DELL\OneD
rive\Desktop\aelbd\garments-b
uying-house\node_modules\next
\dist\compiled\next-server\ap
p-page.runtime.prod.js:12:462
51)
    at nM (C:\Users\DELL\OneD
rive\Desktop\aelbd\garments-b
uying-house\node_modules\next
\dist\compiled\next-server\ap
p-page.runtime.prod.js:12:475
71)
    at nM (C:\Users\DELL\OneD
rive\Desktop\aelbd\garments-b
uying-house\node_modules\next
\dist\compiled\next-server\ap
p-page.runtime.prod.js:12:615
46)
    at nN (C:\Users\DELL\OneD
rive\Desktop\aelbd\garments-b
uying-house\node_modules\next
\dist\compiled\next-server\ap
p-page.runtime.prod.js:12:645
46)
    at nB (C:\Users\DELL\OneD
rive\Desktop\aelbd\garments-b
uying-house\node_modules\next
\dist\compiled\next-server\ap
p-page.runtime.prod.js:12:675
38)
    at nD (C:\Users\DELL\OneD
rive\Desktop\aelbd\garments-b
uying-house\node_modules\next
\dist\compiled\next-server\ap
p-page.runtime.prod.js:12:666
80)
    at nN (C:\Users\DELL\OneD
rive\Desktop\aelbd\garments-b
uying-house\node_modules\next
\dist\compiled\next-server\ap
p-page.runtime.prod.js:12:648
53)
    at nB (C:\Users\DELL\OneD
rive\Desktop\aelbd\garments-b
uying-house\node_modules\next
\dist\compiled\next-server\ap
p-page.runtime.prod.js:12:675
38)
    at nD (C:\Users\DELL\OneD
rive\Desktop\aelbd\garments-b
uying-house\node_modules\next
\dist\compiled\next-server\ap
p-page.runtime.prod.js:12:666
80)
TypeError: Cannot 
destructure property 'data' 
of '(0 , d.useSession)(...)' 
as it is undefined.
    at q (C:\Users\DELL\OneDr
ive\Desktop\aelbd\garments-bu
ying-house\.next\server\chunk
s\1249.js:2:8572)
    at nj (C:\Users\DELL\OneD
rive\Desktop\aelbd\garments-b
uying-house\node_modules\next
\dist\compiled\next-server\ap
p-page.runtime.prod.js:12:462
51)
    at nM (C:\Users\DELL\OneD
rive\Desktop\aelbd\garments-b
uying-house\node_modules\next
\dist\compiled\next-server\ap
p-page.runtime.prod.js:12:475
71)
    at nM (C:\Users\DELL\OneD
rive\Desktop\aelbd\garments-b
uying-house\node_modules\next
\dist\compiled\next-server\ap
p-page.runtime.prod.js:12:615
46)
    at nN (C:\Users\DELL\OneD
rive\Desktop\aelbd\garments-b
uying-house\node_modules\next
\dist\compiled\next-server\ap
p-page.runtime.prod.js:12:645
46)
    at nB (C:\Users\DELL\OneD
rive\Desktop\aelbd\garments-b
uying-house\node_modules\next
\dist\compiled\next-server\ap
p-page.runtime.prod.js:12:675
38)
    at nD (C:\Users\DELL\OneD
rive\Desktop\aelbd\garments-b
uying-house\node_modules\next
\dist\compiled\next-server\ap
p-page.runtime.prod.js:12:666
80)
    at nN (C:\Users\DELL\OneD
rive\Desktop\aelbd\garments-b
uying-house\node_modules\next
\dist\compiled\next-server\ap
p-page.runtime.prod.js:12:648
53)
    at nB (C:\Users\DELL\OneD
rive\Desktop\aelbd\garments-b
uying-house\node_modules\next
\dist\compiled\next-server\ap
p-page.runtime.prod.js:12:675
38)
    at nD (C:\Users\DELL\OneD
rive\Desktop\aelbd\garments-b
uying-house\node_modules\next
\dist\compiled\next-server\ap
p-page.runtime.prod.js:12:666
80) {
  digest: '2581485839'
}

Error occurred prerendering 
page 
"/admin/settings/cookies". 
Read more: https://nextjs.org
/docs/messages/prerender-erro
r

TypeError: Cannot 
destructure property 'data' 
of '(0 , d.useSession)(...)' 
as it is undefined.
    at q (C:\Users\DELL\OneDr
ive\Desktop\aelbd\garments-bu
ying-house\.next\server\chunk
s\1249.js:2:8572)
    at nj (C:\Users\DELL\OneD
rive\Desktop\aelbd\garments-b
uying-house\node_modules\next
\dist\compiled\next-server\ap
p-page.runtime.prod.js:12:462
51)
    at nM (C:\Users\DELL\OneD
rive\Desktop\aelbd\garments-b
uying-house\node_modules\next
\dist\compiled\next-server\ap
p-page.runtime.prod.js:12:475
71)
    at nM (C:\Users\DELL\OneD
rive\Desktop\aelbd\garments-b
uying-house\node_modules\next
\dist\compiled\next-server\ap
p-page.runtime.prod.js:12:615
46)
    at nN (C:\Users\DELL\OneD
rive\Desktop\aelbd\garments-b
uying-house\node_modules\next
\dist\compiled\next-server\ap
p-page.runtime.prod.js:12:645
46)
    at nB (C:\Users\DELL\OneD
rive\Desktop\aelbd\garments-b
uying-house\node_modules\next
\dist\compiled\next-server\ap
p-page.runtime.prod.js:12:675
38)
    at nD (C:\Users\DELL\OneD
rive\Desktop\aelbd\garments-b
uying-house\node_modules\next
\dist\compiled\next-server\ap
p-page.runtime.prod.js:12:666
80)
    at nN (C:\Users\DELL\OneD
rive\Desktop\aelbd\garments-b
uying-house\node_modules\next
\dist\compiled\next-server\ap
p-page.runtime.prod.js:12:648
53)
    at nB (C:\Users\DELL\OneD
rive\Desktop\aelbd\garments-b
uying-house\node_modules\next
\dist\compiled\next-server\ap
p-page.runtime.prod.js:12:675
38)
    at nD (C:\Users\DELL\OneD
rive\Desktop\aelbd\garments-b
uying-house\node_modules\next
\dist\compiled\next-server\ap
p-page.runtime.prod.js:12:666
80)
TypeError: Cannot 
destructure property 'data' 
of '(0 , d.useSession)(...)' 
as it is undefined.
    at q (C:\Users\DELL\OneDr
ive\Desktop\aelbd\garments-bu
ying-house\.next\server\chunk
s\1249.js:2:8572)
    at nj (C:\Users\DELL\OneD
rive\Desktop\aelbd\garments-b
uying-house\node_modules\next
\dist\compiled\next-server\ap
p-page.runtime.prod.js:12:462
51)
    at nM (C:\Users\DELL\OneD
rive\Desktop\aelbd\garments-b
uying-house\node_modules\next
\dist\compiled\next-server\ap
p-page.runtime.prod.js:12:475
71)
    at nM (C:\Users\DELL\OneD
rive\Desktop\aelbd\garments-b
uying-house\node_modules\next
\dist\compiled\next-server\ap
p-page.runtime.prod.js:12:615
46)
    at nN (C:\Users\DELL\OneD
rive\Desktop\aelbd\garments-b
uying-house\node_modules\next
\dist\compiled\next-server\ap
p-page.runtime.prod.js:12:645
46)
    at nB (C:\Users\DELL\OneD
rive\Desktop\aelbd\garments-b
uying-house\node_modules\next
\dist\compiled\next-server\ap
p-page.runtime.prod.js:12:675
38)
    at nD (C:\Users\DELL\OneD
rive\Desktop\aelbd\garments-b
uying-house\node_modules\next
\dist\compiled\next-server\ap
p-page.runtime.prod.js:12:666
80)
    at nN (C:\Users\DELL\OneD
rive\Desktop\aelbd\garments-b
uying-house\node_modules\next
\dist\compiled\next-server\ap
p-page.runtime.prod.js:12:648
53)
    at nB (C:\Users\DELL\OneD
rive\Desktop\aelbd\garments-b
uying-house\node_modules\next
\dist\compiled\next-server\ap
p-page.runtime.prod.js:12:675
38)
    at nD (C:\Users\DELL\OneD
rive\Desktop\aelbd\garments-b
uying-house\node_modules\next
\dist\compiled\next-server\ap
p-page.runtime.prod.js:12:666
80) {
  digest: '2581485839'
}
   Generating static pages (39/53) 
TypeError: Cannot 
destructure property 'data' 
of '(0 , d.useSession)(...)' 
as it is undefined.
    at q (C:\Users\DELL\OneDr
ive\Desktop\aelbd\garments-bu
ying-house\.next\server\chunk
s\1249.js:2:8572)
    at nj (C:\Users\DELL\OneD
rive\Desktop\aelbd\garments-b
uying-house\node_modules\next
\dist\compiled\next-server\ap
p-page.runtime.prod.js:12:462
51)
    at nM (C:\Users\DELL\OneD
rive\Desktop\aelbd\garments-b
uying-house\node_modules\next
\dist\compiled\next-server\ap
p-page.runtime.prod.js:12:475
71)
    at nM (C:\Users\DELL\OneD
rive\Desktop\aelbd\garments-b
uying-house\node_modules\next
\dist\compiled\next-server\ap
p-page.runtime.prod.js:12:615
46)
    at nN (C:\Users\DELL\OneD
rive\Desktop\aelbd\garments-b
uying-house\node_modules\next
\dist\compiled\next-server\ap
p-page.runtime.prod.js:12:645
46)
    at nB (C:\Users\DELL\OneD
rive\Desktop\aelbd\garments-b
uying-house\node_modules\next
\dist\compiled\next-server\ap
p-page.runtime.prod.js:12:675
38)
    at nD (C:\Users\DELL\OneD
rive\Desktop\aelbd\garments-b
uying-house\node_modules\next
\dist\compiled\next-server\ap
p-page.runtime.prod.js:12:666
80)
    at nN (C:\Users\DELL\OneD
rive\Desktop\aelbd\garments-b
uying-house\node_modules\next
\dist\compiled\next-server\ap
p-page.runtime.prod.js:12:648
53)
    at nB (C:\Users\DELL\OneD
rive\Desktop\aelbd\garments-b
uying-house\node_modules\next
\dist\compiled\next-server\ap
p-page.runtime.prod.js:12:675
38)
    at nD (C:\Users\DELL\OneD
rive\Desktop\aelbd\garments-b
uying-house\node_modules\next
\dist\compiled\next-server\ap
p-page.runtime.prod.js:12:666
80) {
  digest: '2581485839'
}
TypeError: Cannot 
destructure property 'data' 
of '(0 , d.useSession)(...)' 
as it is undefined.
    at q (C:\Users\DELL\OneDr
ive\Desktop\aelbd\garments-bu
ying-house\.next\server\chunk
s\1249.js:2:8572)
    at nj (C:\Users\DELL\OneD
rive\Desktop\aelbd\garments-b
uying-house\node_modules\next
\dist\compiled\next-server\ap
p-page.runtime.prod.js:12:462
51)
    at nM (C:\Users\DELL\OneD
rive\Desktop\aelbd\garments-b
uying-house\node_modules\next
\dist\compiled\next-server\ap
p-page.runtime.prod.js:12:475
71)
    at nM (C:\Users\DELL\OneD
rive\Desktop\aelbd\garments-b
uying-house\node_modules\next
\dist\compiled\next-server\ap
p-page.runtime.prod.js:12:615
46)
    at nN (C:\Users\DELL\OneD
rive\Desktop\aelbd\garments-b
uying-house\node_modules\next
\dist\compiled\next-server\ap
p-page.runtime.prod.js:12:645
46)
    at nB (C:\Users\DELL\OneD
rive\Desktop\aelbd\garments-b
uying-house\node_modules\next
\dist\compiled\next-server\ap
p-page.runtime.prod.js:12:675
38)
    at nD (C:\Users\DELL\OneD
rive\Desktop\aelbd\garments-b
uying-house\node_modules\next
\dist\compiled\next-server\ap
p-page.runtime.prod.js:12:666
80)
    at nN (C:\Users\DELL\OneD
rive\Desktop\aelbd\garments-b
uying-house\node_modules\next
\dist\compiled\next-server\ap
p-page.runtime.prod.js:12:648
53)
    at nB (C:\Users\DELL\OneD
rive\Desktop\aelbd\garments-b
uying-house\node_modules\next
\dist\compiled\next-server\ap
p-page.runtime.prod.js:12:675
38)
    at nD (C:\Users\DELL\OneD
rive\Desktop\aelbd\garments-b
uying-house\node_modules\next
\dist\compiled\next-server\ap
p-page.runtime.prod.js:12:666
80) {
  digest: '2581485839'
}
TypeError: Cannot 
destructure property 'data' 
of '(0 , d.useSession)(...)' 
as it is undefined.
    at q (C:\Users\DELL\OneDr
ive\Desktop\aelbd\garments-bu
ying-house\.next\server\chunk
s\1249.js:2:8572)
    at nj (C:\Users\DELL\OneD
rive\Desktop\aelbd\garments-b
uying-house\node_modules\next
\dist\compiled\next-server\ap
p-page.runtime.prod.js:12:462
51)
    at nM (C:\Users\DELL\OneD
rive\Desktop\aelbd\garments-b
uying-house\node_modules\next
\dist\compiled\next-server\ap
p-page.runtime.prod.js:12:475
71)
    at nM (C:\Users\DELL\OneD
rive\Desktop\aelbd\garments-b
uying-house\node_modules\next
\dist\compiled\next-server\ap
p-page.runtime.prod.js:12:615
46)
    at nN (C:\Users\DELL\OneD
rive\Desktop\aelbd\garments-b
uying-house\node_modules\next
\dist\compiled\next-server\ap
p-page.runtime.prod.js:12:645
46)
    at nB (C:\Users\DELL\OneD
rive\Desktop\aelbd\garments-b
uying-house\node_modules\next
\dist\compiled\next-server\ap
p-page.runtime.prod.js:12:675
38)
    at nD (C:\Users\DELL\OneD
rive\Desktop\aelbd\garments-b
uying-house\node_modules\next
\dist\compiled\next-server\ap
p-page.runtime.prod.js:12:666
80)
    at nN (C:\Users\DELL\OneD
rive\Desktop\aelbd\garments-b
uying-house\node_modules\next
\dist\compiled\next-server\ap
p-page.runtime.prod.js:12:648
53)
    at nB (C:\Users\DELL\OneD
rive\Desktop\aelbd\garments-b
uying-house\node_modules\next
\dist\compiled\next-server\ap
p-page.runtime.prod.js:12:675
38)
    at nD (C:\Users\DELL\OneD
rive\Desktop\aelbd\garments-b
uying-house\node_modules\next
\dist\compiled\next-server\ap
p-page.runtime.prod.js:12:666
80) {
  digest: '2581485839'
}

Error occurred prerendering 
page "/admin/settings". Read 
more: https://nextjs.org/docs
/messages/prerender-error

TypeError: Cannot 
destructure property 'data' 
of '(0 , d.useSession)(...)' 
as it is undefined.
    at q (C:\Users\DELL\OneDr
ive\Desktop\aelbd\garments-bu
ying-house\.next\server\chunk
s\1249.js:2:8572)
    at nj (C:\Users\DELL\OneD
rive\Desktop\aelbd\garments-b
uying-house\node_modules\next
\dist\compiled\next-server\ap
p-page.runtime.prod.js:12:462
51)
    at nM (C:\Users\DELL\OneD
rive\Desktop\aelbd\garments-b
uying-house\node_modules\next
\dist\compiled\next-server\ap
p-page.runtime.prod.js:12:475
71)
    at nM (C:\Users\DELL\OneD
rive\Desktop\aelbd\garments-b
uying-house\node_modules\next
\dist\compiled\next-server\ap
p-page.runtime.prod.js:12:615
46)
    at nN (C:\Users\DELL\OneD
rive\Desktop\aelbd\garments-b
uying-house\node_modules\next
\dist\compiled\next-server\ap
p-page.runtime.prod.js:12:645
46)
    at nB (C:\Users\DELL\OneD
rive\Desktop\aelbd\garments-b
uying-house\node_modules\next
\dist\compiled\next-server\ap
p-page.runtime.prod.js:12:675
38)
    at nD (C:\Users\DELL\OneD
rive\Desktop\aelbd\garments-b
uying-house\node_modules\next
\dist\compiled\next-server\ap
p-page.runtime.prod.js:12:666
80)
    at nN (C:\Users\DELL\OneD
rive\Desktop\aelbd\garments-b
uying-house\node_modules\next
\dist\compiled\next-server\ap
p-page.runtime.prod.js:12:648
53)
    at nB (C:\Users\DELL\OneD
rive\Desktop\aelbd\garments-b
uying-house\node_modules\next
\dist\compiled\next-server\ap
p-page.runtime.prod.js:12:675
38)
    at nD (C:\Users\DELL\OneD
rive\Desktop\aelbd\garments-b
uying-house\node_modules\next
\dist\compiled\next-server\ap
p-page.runtime.prod.js:12:666
80)

Error occurred prerendering 
page "/admin/users". Read 
more: https://nextjs.org/docs
/messages/prerender-error

TypeError: Cannot 
destructure property 'data' 
of '(0 , d.useSession)(...)' 
as it is undefined.
    at q (C:\Users\DELL\OneDr
ive\Desktop\aelbd\garments-bu
ying-house\.next\server\chunk
s\1249.js:2:8572)
    at nj (C:\Users\DELL\OneD
rive\Desktop\aelbd\garments-b
uying-house\node_modules\next
\dist\compiled\next-server\ap
p-page.runtime.prod.js:12:462
51)
    at nM (C:\Users\DELL\OneD
rive\Desktop\aelbd\garments-b
uying-house\node_modules\next
\dist\compiled\next-server\ap
p-page.runtime.prod.js:12:475
71)
    at nM (C:\Users\DELL\OneD
rive\Desktop\aelbd\garments-b
uying-house\node_modules\next
\dist\compiled\next-server\ap
p-page.runtime.prod.js:12:615
46)
    at nN (C:\Users\DELL\OneD
rive\Desktop\aelbd\garments-b
uying-house\node_modules\next
\dist\compiled\next-server\ap
p-page.runtime.prod.js:12:645
46)
    at nB (C:\Users\DELL\OneD
rive\Desktop\aelbd\garments-b
uying-house\node_modules\next
\dist\compiled\next-server\ap
p-page.runtime.prod.js:12:675
38)
    at nD (C:\Users\DELL\OneD
rive\Desktop\aelbd\garments-b
uying-house\node_modules\next
\dist\compiled\next-server\ap
p-page.runtime.prod.js:12:666
80)
    at nN (C:\Users\DELL\OneD
rive\Desktop\aelbd\garments-b
uying-house\node_modules\next
\dist\compiled\next-server\ap
p-page.runtime.prod.js:12:648
53)
    at nB (C:\Users\DELL\OneD
rive\Desktop\aelbd\garments-b
uying-house\node_modules\next
\dist\compiled\next-server\ap
p-page.runtime.prod.js:12:675
38)
    at nD (C:\Users\DELL\OneD
rive\Desktop\aelbd\garments-b
uying-house\node_modules\next
\dist\compiled\next-server\ap
p-page.runtime.prod.js:12:666
80)

Error occurred prerendering 
page "/admin/tracking". Read 
more: https://nextjs.org/docs
/messages/prerender-error

TypeError: Cannot 
destructure property 'data' 
of '(0 , d.useSession)(...)' 
as it is undefined.
    at q (C:\Users\DELL\OneDr
ive\Desktop\aelbd\garments-bu
ying-house\.next\server\chunk
s\1249.js:2:8572)
    at nj (C:\Users\DELL\OneD
rive\Desktop\aelbd\garments-b
uying-house\node_modules\next
\dist\compiled\next-server\ap
p-page.runtime.prod.js:12:462
51)
    at nM (C:\Users\DELL\OneD
rive\Desktop\aelbd\garments-b
uying-house\node_modules\next
\dist\compiled\next-server\ap
p-page.runtime.prod.js:12:475
71)
    at nM (C:\Users\DELL\OneD
rive\Desktop\aelbd\garments-b
uying-house\node_modules\next
\dist\compiled\next-server\ap
p-page.runtime.prod.js:12:615
46)
    at nN (C:\Users\DELL\OneD
rive\Desktop\aelbd\garments-b
uying-house\node_modules\next
\dist\compiled\next-server\ap
p-page.runtime.prod.js:12:645
46)
    at nB (C:\Users\DELL\OneD
rive\Desktop\aelbd\garments-b
uying-house\node_modules\next
\dist\compiled\next-server\ap
p-page.runtime.prod.js:12:675
38)
    at nD (C:\Users\DELL\OneD
rive\Desktop\aelbd\garments-b
uying-house\node_modules\next
\dist\compiled\next-server\ap
p-page.runtime.prod.js:12:666
80)
    at nN (C:\Users\DELL\OneD
rive\Desktop\aelbd\garments-b
uying-house\node_modules\next
\dist\compiled\next-server\ap
p-page.runtime.prod.js:12:648
53)
    at nB (C:\Users\DELL\OneD
rive\Desktop\aelbd\garments-b
uying-house\node_modules\next
\dist\compiled\next-server\ap
p-page.runtime.prod.js:12:675
38)
    at nD (C:\Users\DELL\OneD
rive\Desktop\aelbd\garments-b
uying-house\node_modules\next
\dist\compiled\next-server\ap
p-page.runtime.prod.js:12:666
80)

Error occurred prerendering 
page "/admin/theme". Read 
more: https://nextjs.org/docs
/messages/prerender-error

TypeError: Cannot 
destructure property 'data' 
of '(0 , d.useSession)(...)' 
as it is undefined.
    at q (C:\Users\DELL\OneDr
ive\Desktop\aelbd\garments-bu
ying-house\.next\server\chunk
s\1249.js:2:8572)
    at nj (C:\Users\DELL\OneD
rive\Desktop\aelbd\garments-b
uying-house\node_modules\next
\dist\compiled\next-server\ap
p-page.runtime.prod.js:12:462
51)
    at nM (C:\Users\DELL\OneD
rive\Desktop\aelbd\garments-b
uying-house\node_modules\next
\dist\compiled\next-server\ap
p-page.runtime.prod.js:12:475
71)
    at nM (C:\Users\DELL\OneD
rive\Desktop\aelbd\garments-b
uying-house\node_modules\next
\dist\compiled\next-server\ap
p-page.runtime.prod.js:12:615
46)
    at nN (C:\Users\DELL\OneD
rive\Desktop\aelbd\garments-b
uying-house\node_modules\next
\dist\compiled\next-server\ap
p-page.runtime.prod.js:12:645
46)
    at nB (C:\Users\DELL\OneD
rive\Desktop\aelbd\garments-b
uying-house\node_modules\next
\dist\compiled\next-server\ap
p-page.runtime.prod.js:12:675
38)
    at nD (C:\Users\DELL\OneD
rive\Desktop\aelbd\garments-b
uying-house\node_modules\next
\dist\compiled\next-server\ap
p-page.runtime.prod.js:12:666
80)
    at nN (C:\Users\DELL\OneD
rive\Desktop\aelbd\garments-b
uying-house\node_modules\next
\dist\compiled\next-server\ap
p-page.runtime.prod.js:12:648
53)
    at nB (C:\Users\DELL\OneD
rive\Desktop\aelbd\garments-b
uying-house\node_modules\next
\dist\compiled\next-server\ap
p-page.runtime.prod.js:12:675
38)
    at nD (C:\Users\DELL\OneD
rive\Desktop\aelbd\garments-b
uying-house\node_modules\next
\dist\compiled\next-server\ap
p-page.runtime.prod.js:12:666
80)
TypeError: Cannot 
destructure property 'data' 
of '(0 , d.useSession)(...)' 
as it is undefined.
    at q (C:\Users\DELL\OneDr
ive\Desktop\aelbd\garments-bu
ying-house\.next\server\chunk
s\1249.js:2:8572)
    at nj (C:\Users\DELL\OneD
rive\Desktop\aelbd\garments-b
uying-house\node_modules\next
\dist\compiled\next-server\ap
p-page.runtime.prod.js:12:462
51)
    at nM (C:\Users\DELL\OneD
rive\Desktop\aelbd\garments-b
uying-house\node_modules\next
\dist\compiled\next-server\ap
p-page.runtime.prod.js:12:475
71)
    at nM (C:\Users\DELL\OneD
rive\Desktop\aelbd\garments-b
uying-house\node_modules\next
\dist\compiled\next-server\ap
p-page.runtime.prod.js:12:615
46)
    at nN (C:\Users\DELL\OneD
rive\Desktop\aelbd\garments-b
uying-house\node_modules\next
\dist\compiled\next-server\ap
p-page.runtime.prod.js:12:645
46)
    at nB (C:\Users\DELL\OneD
rive\Desktop\aelbd\garments-b
uying-house\node_modules\next
\dist\compiled\next-server\ap
p-page.runtime.prod.js:12:675
38)
    at nD (C:\Users\DELL\OneD
rive\Desktop\aelbd\garments-b
uying-house\node_modules\next
\dist\compiled\next-server\ap
p-page.runtime.prod.js:12:666
80)
    at nN (C:\Users\DELL\OneD
rive\Desktop\aelbd\garments-b
uying-house\node_modules\next
\dist\compiled\next-server\ap
p-page.runtime.prod.js:12:648
53)
    at nB (C:\Users\DELL\OneD
rive\Desktop\aelbd\garments-b
uying-house\node_modules\next
\dist\compiled\next-server\ap
p-page.runtime.prod.js:12:675
38)
    at nD (C:\Users\DELL\OneD
rive\Desktop\aelbd\garments-b
uying-house\node_modules\next
\dist\compiled\next-server\ap
p-page.runtime.prod.js:12:666
80) {
  digest: '2581485839'
}

Error occurred prerendering 
page "/admin/rfq". Read 
more: https://nextjs.org/docs
/messages/prerender-error

TypeError: Cannot 
destructure property 'data' 
of '(0 , d.useSession)(...)' 
as it is undefined.
    at q (C:\Users\DELL\OneDr
ive\Desktop\aelbd\garments-bu
ying-house\.next\server\chunk
s\1249.js:2:8572)
    at nj (C:\Users\DELL\OneD
rive\Desktop\aelbd\garments-b
uying-house\node_modules\next
\dist\compiled\next-server\ap
p-page.runtime.prod.js:12:462
51)
    at nM (C:\Users\DELL\OneD
rive\Desktop\aelbd\garments-b
uying-house\node_modules\next
\dist\compiled\next-server\ap
p-page.runtime.prod.js:12:475
71)
    at nM (C:\Users\DELL\OneD
rive\Desktop\aelbd\garments-b
uying-house\node_modules\next
\dist\compiled\next-server\ap
p-page.runtime.prod.js:12:615
46)
    at nN (C:\Users\DELL\OneD
rive\Desktop\aelbd\garments-b
uying-house\node_modules\next
\dist\compiled\next-server\ap
p-page.runtime.prod.js:12:645
46)
    at nB (C:\Users\DELL\OneD
rive\Desktop\aelbd\garments-b
uying-house\node_modules\next
\dist\compiled\next-server\ap
p-page.runtime.prod.js:12:675
38)
    at nD (C:\Users\DELL\OneD
rive\Desktop\aelbd\garments-b
uying-house\node_modules\next
\dist\compiled\next-server\ap
p-page.runtime.prod.js:12:666
80)
    at nN (C:\Users\DELL\OneD
rive\Desktop\aelbd\garments-b
uying-house\node_modules\next
\dist\compiled\next-server\ap
p-page.runtime.prod.js:12:648
53)
    at nB (C:\Users\DELL\OneD
rive\Desktop\aelbd\garments-b
uying-house\node_modules\next
\dist\compiled\next-server\ap
p-page.runtime.prod.js:12:675
38)
    at nD (C:\Users\DELL\OneD
rive\Desktop\aelbd\garments-b
uying-house\node_modules\next
\dist\compiled\next-server\ap
p-page.runtime.prod.js:12:666
80)
 Γ£ô Generating static pages (53/53)

> Export encountered errors 
on following paths:
	/admin/activity-log/page: 
/admin/activity-log
	/admin/blog/page: 
/admin/blog
	/admin/bulk-upload/page: 
/admin/bulk-upload
	/admin/categories/page: 
/admin/categories
	/admin/email/page: 
/admin/email
	/admin/forms/page: 
/admin/forms
	/admin/homepage/page: 
/admin/homepage
	/admin/inquiries/page: 
/admin/inquiries
	/admin/maintenance/page: 
/admin/maintenance
	/admin/media/page: 
/admin/media
	/admin/menus/page: 
/admin/menus
	/admin/notifications/page: 
/admin/notifications
	/admin/page: /admin
	/admin/performance/page: 
/admin/performance
	/admin/popups/page: 
/admin/popups
	/admin/products/new/page: 
/admin/products/new
	/admin/products/page: 
/admin/products
	/admin/rfq/page: /admin/rfq
	/admin/seo/page: /admin/seo
	/admin/settings/cookies/page
: /admin/settings/cookies
	/admin/settings/page: 
/admin/settings
	/admin/theme/page: 
/admin/theme
	/admin/tracking/page: 
/admin/tracking
	/admin/users/page: 
/admin/users
